Component: ARM Compiler 5.06 update 6 (build 750) Tool: armlink [4d35ed]

==============================================================================

Section Cross References

    startup_stm32f429xx.o(RESET) refers to startup_stm32f429xx.o(STACK) for __initial_sp
    startup_stm32f429xx.o(RESET) refers to startup_stm32f429xx.o(.text) for Reset_Handler
    startup_stm32f429xx.o(RESET) refers to stm32f4xx_it.o(i.NMI_Handler) for NMI_Handler
    startup_stm32f429xx.o(RESET) refers to stm32f4xx_it.o(i.HardFault_Handler) for HardFault_Handler
    startup_stm32f429xx.o(RESET) refers to stm32f4xx_it.o(i.MemManage_Handler) for MemManage_Handler
    startup_stm32f429xx.o(RESET) refers to stm32f4xx_it.o(i.BusFault_Handler) for BusFault_Handler
    startup_stm32f429xx.o(RESET) refers to stm32f4xx_it.o(i.UsageFault_Handler) for UsageFault_Handler
    startup_stm32f429xx.o(RESET) refers to port.o(.emb_text) for SVC_Handler
    startup_stm32f429xx.o(RESET) refers to stm32f4xx_it.o(i.DebugMon_Handler) for DebugMon_Handler
    startup_stm32f429xx.o(RESET) refers to port.o(i.SysTick_Handler) for SysTick_Handler
    startup_stm32f429xx.o(RESET) refers to stm32f4xx_it.o(i.DMA1_Stream1_IRQHandler) for DMA1_Stream1_IRQHandler
    startup_stm32f429xx.o(RESET) refers to stm32f4xx_it.o(i.DMA1_Stream3_IRQHandler) for DMA1_Stream3_IRQHandler
    startup_stm32f429xx.o(RESET) refers to stm32f4xx_it.o(i.DMA1_Stream5_IRQHandler) for DMA1_Stream5_IRQHandler
    startup_stm32f429xx.o(RESET) refers to stm32f4xx_it.o(i.DMA1_Stream6_IRQHandler) for DMA1_Stream6_IRQHandler
    startup_stm32f429xx.o(RESET) refers to stm32f4xx_it.o(i.CAN1_RX0_IRQHandler) for CAN1_RX0_IRQHandler
    startup_stm32f429xx.o(RESET) refers to stm32f4xx_it.o(i.EXTI9_5_IRQHandler) for EXTI9_5_IRQHandler
    startup_stm32f429xx.o(RESET) refers to stm32f4xx_it.o(i.TIM2_IRQHandler) for TIM2_IRQHandler
    startup_stm32f429xx.o(RESET) refers to stm32f4xx_it.o(i.USART1_IRQHandler) for USART1_IRQHandler
    startup_stm32f429xx.o(RESET) refers to stm32f4xx_it.o(i.USART2_IRQHandler) for USART2_IRQHandler
    startup_stm32f429xx.o(RESET) refers to stm32f4xx_it.o(i.USART3_IRQHandler) for USART3_IRQHandler
    startup_stm32f429xx.o(RESET) refers to stm32f4xx_it.o(i.TIM6_DAC_IRQHandler) for TIM6_DAC_IRQHandler
    startup_stm32f429xx.o(RESET) refers to stm32f4xx_it.o(i.TIM7_IRQHandler) for TIM7_IRQHandler
    startup_stm32f429xx.o(RESET) refers to stm32f4xx_it.o(i.DMA2_Stream2_IRQHandler) for DMA2_Stream2_IRQHandler
    startup_stm32f429xx.o(RESET) refers to stm32f4xx_it.o(i.CAN2_RX0_IRQHandler) for CAN2_RX0_IRQHandler
    startup_stm32f429xx.o(RESET) refers to stm32f4xx_it.o(i.UART7_IRQHandler) for UART7_IRQHandler
    startup_stm32f429xx.o(RESET) refers to stm32f4xx_it.o(i.UART8_IRQHandler) for UART8_IRQHandler
    startup_stm32f429xx.o(.text) refers to system_stm32f4xx.o(i.SystemInit) for SystemInit
    startup_stm32f429xx.o(.text) refers to entry.o(.ARM.Collect$$$$00000000) for __main
    main.o(i.HAL_TIM_PeriodElapsedCallback) refers to stm32f4xx_hal.o(i.HAL_IncTick) for HAL_IncTick
    main.o(i.MX_CAN1_Init) refers to stm32f4xx_hal_can.o(i.HAL_CAN_Init) for HAL_CAN_Init
    main.o(i.MX_CAN1_Init) refers to main.o(i.Error_Handler) for Error_Handler
    main.o(i.MX_CAN1_Init) refers to main.o(.bss) for hcan1
    main.o(i.MX_CAN2_Init) refers to stm32f4xx_hal_can.o(i.HAL_CAN_Init) for HAL_CAN_Init
    main.o(i.MX_CAN2_Init) refers to main.o(i.Error_Handler) for Error_Handler
    main.o(i.MX_CAN2_Init) refers to main.o(.bss) for hcan2
    main.o(i.MX_DMA_Init) refers to stm32f4xx_hal_cortex.o(i.HAL_NVIC_SetPriority) for HAL_NVIC_SetPriority
    main.o(i.MX_DMA_Init) refers to stm32f4xx_hal_cortex.o(i.HAL_NVIC_EnableIRQ) for HAL_NVIC_EnableIRQ
    main.o(i.MX_GPIO_Init) refers to memseta.o(.text) for __aeabi_memclr4
    main.o(i.MX_GPIO_Init) refers to stm32f4xx_hal_gpio.o(i.HAL_GPIO_WritePin) for HAL_GPIO_WritePin
    main.o(i.MX_GPIO_Init) refers to stm32f4xx_hal_gpio.o(i.HAL_GPIO_Init) for HAL_GPIO_Init
    main.o(i.MX_GPIO_Init) refers to stm32f4xx_hal_cortex.o(i.HAL_NVIC_SetPriority) for HAL_NVIC_SetPriority
    main.o(i.MX_GPIO_Init) refers to stm32f4xx_hal_cortex.o(i.HAL_NVIC_EnableIRQ) for HAL_NVIC_EnableIRQ
    main.o(i.MX_TIM12_Init) refers to memseta.o(.text) for __aeabi_memclr4
    main.o(i.MX_TIM12_Init) refers to stm32f4xx_hal_tim.o(i.HAL_TIM_Base_Init) for HAL_TIM_Base_Init
    main.o(i.MX_TIM12_Init) refers to main.o(i.Error_Handler) for Error_Handler
    main.o(i.MX_TIM12_Init) refers to stm32f4xx_hal_tim.o(i.HAL_TIM_ConfigClockSource) for HAL_TIM_ConfigClockSource
    main.o(i.MX_TIM12_Init) refers to stm32f4xx_hal_tim.o(i.HAL_TIM_PWM_Init) for HAL_TIM_PWM_Init
    main.o(i.MX_TIM12_Init) refers to stm32f4xx_hal_tim.o(i.HAL_TIM_PWM_ConfigChannel) for HAL_TIM_PWM_ConfigChannel
    main.o(i.MX_TIM12_Init) refers to stm32f4xx_hal_msp.o(i.HAL_TIM_MspPostInit) for HAL_TIM_MspPostInit
    main.o(i.MX_TIM12_Init) refers to main.o(.bss) for htim12
[...]
    _printf_int_dec                          0x00000000   Number         0  stubs.o ABSOLUTE
    _printf_l                                0x00000000   Number         0  stubs.o ABSOLUTE
    _printf_lc                               0x00000000   Number         0  stubs.o ABSOLUTE
    _printf_ll                               0x00000000   Number         0  stubs.o ABSOLUTE
    _printf_lld                              0x00000000   Number         0  stubs.o ABSOLUTE
    _printf_lli                              0x00000000   Number         0  stubs.o ABSOLUTE
    _printf_llo                              0x00000000   Number         0  stubs.o ABSOLUTE
    _printf_llu                              0x00000000   Number         0  stubs.o ABSOLUTE
    _printf_llx                              0x00000000   Number         0  stubs.o ABSOLUTE
    _printf_longlong_dec                     0x00000000   Number         0  stubs.o ABSOLUTE
    _printf_longlong_hex                     0x00000000   Number         0  stubs.o ABSOLUTE
    _printf_longlong_oct                     0x00000000   Number         0  stubs.o ABSOLUTE
    _printf_ls                               0x00000000   Number         0  stubs.o ABSOLUTE
    _printf_mbtowc                           0x00000000   Number         0  stubs.o ABSOLUTE
    _printf_n                                0x00000000   Number         0  stubs.o ABSOLUTE
    _printf_o                                0x00000000   Number         0  stubs.o ABSOLUTE
    _printf_p                                0x00000000   Number         0  stubs.o ABSOLUTE
    _printf_percent                          0x00000000   Number         0  stubs.o ABSOLUTE
    _printf_pre_padding                      0x00000000   Number         0  stubs.o ABSOLUTE
    _printf_return_value                     0x00000000   Number         0  stubs.o ABSOLUTE
    _printf_s                                0x00000000   Number         0  stubs.o ABSOLUTE
    _printf_sizespec                         0x00000000   Number         0  stubs.o ABSOLUTE
    _printf_str                              0x00000000   Number         0  stubs.o ABSOLUTE
    _printf_truncate_signed                  0x00000000   Number         0  stubs.o ABSOLUTE
    _printf_truncate_unsigned                0x00000000   Number         0  stubs.o ABSOLUTE
    _printf_u                                0x00000000   Number         0  stubs.o ABSOLUTE
    _printf_wc                               0x00000000   Number         0  stubs.o ABSOLUTE
    _printf_wctomb                           0x00000000   Number         0  stubs.o ABSOLUTE
    _printf_widthprec                        0x00000000   Number         0  stubs.o ABSOLUTE
    _printf_x                                0x00000000   Number         0  stubs.o ABSOLUTE
    __cpp_initialize__aeabi_                  - Undefined Weak Reference
    __cxa_finalize                            - Undefined Weak Reference
    __decompress                              - Undefined Weak Reference
    _clock_init                               - Undefined Weak Reference
    _microlib_exit                            - Undefined Weak Reference
    __Vectors_Size                           0x000001ac   Number         0  startup_stm32f429xx.o ABSOLUTE
    __Vectors                                0x08000000   Data           4  startup_stm32f429xx.o(RESET)
    __Vectors_End                            0x080001ac   Data           0  startup_stm32f429xx.o(RESET)
    __main                                   0x080001ad   Thumb Code     0  entry.o(.ARM.Collect$$$$00000000)
    _main_stk                                0x080001ad   Thumb Code     0  entry2.o(.ARM.Collect$$$$00000001)
    _main_scatterload                        0x080001b1   Thumb Code     0  entry5.o(.ARM.Collect$$$$00000004)
    __main_after_scatterload                 0x080001b5   Thumb Code     0  entry5.o(.ARM.Collect$$$$00000004)
    _main_clock                              0x080001b5   Thumb Code     0  entry7b.o(.ARM.Collect$$$$00000008)
    _main_cpp_init                           0x080001b5   Thumb Code     0  entry8b.o(.ARM.Collect$$$$0000000A)
    _main_init                               0x080001b5   Thumb Code     0  entry9a.o(.ARM.Collect$$$$0000000B)
    __rt_final_cpp                           0x080001bd   Thumb Code     0  entry10a.o(.ARM.Collect$$$$0000000D)
    __rt_final_exit                          0x080001bd   Thumb Code     0  entry11a.o(.ARM.Collect$$$$0000000F)
    SVC_Handler                              0x080001c1   Thumb Code    28  port.o(.emb_text)
    __asm___6_port_c_39a90d8d__prvStartFirstTask 0x080001e1   Thumb Code    36  port.o(.emb_text)
    __asm___6_port_c_39a90d8d__prvEnableVFP  0x08000209   Thumb Code    16  port.o(.emb_text)
    PendSV_Handler                           0x0800021d   Thumb Code    88  port.o(.emb_text)
    vPortGetIPSR                             0x08000279   Thumb Code     6  port.o(.emb_text)
    Reset_Handler                            0x08000281   Thumb Code     8  startup_stm32f429xx.o(.text)
    ADC_IRQHandler                           0x0800029b   Thumb Code     0  startup_stm32f429xx.o(.text)
    CAN1_RX1_IRQHandler                      0x0800029b   Thumb Code     0  startup_stm32f429xx.o(.text)
    CAN1_SCE_IRQHandler                      0x0800029b   Thumb Code     0  startup_stm32f429xx.o(.text)
    CAN1_TX_IRQHandler                       0x0800029b   Thumb Code     0  startup_stm32f429xx.o(.text)
    CAN2_RX1_IRQHandler                      0x0800029b   Thumb Code     0  startup_stm32f429xx.o(.text)
    CAN2_SCE_IRQHandler                      0x0800029b   Thumb Code     0  startup_stm32f429xx.o(.text)
    CAN2_TX_IRQHandler                       0x0800029b   Thumb Code     0  startup_stm32f429xx.o(.text)
    DCMI_IRQHandler                          0x0800029b   Thumb Code     0  startup_stm32f429xx.o(.text)
    DMA1_Stream0_IRQHandler                  0x0800029b   Thumb Code     0  startup_stm32f429xx.o(.text)
    DMA1_Stream2_IRQHandler                  0x0800029b   Thumb Code     0  startup_stm32f429xx.o(.text)
    DMA1_Stream4_IRQHandler                  0x0800029b   Thumb Code     0  startup_stm32f429xx.o(.text)
    DMA1_Stream7_IRQHandler                  0x0800029b   Thumb Code     0  startup_stm32f429xx.o(.text)
    DMA2D_IRQHandler                         0x0800029b   Thumb Code     0  startup_stm32f429xx.o(.text)
    DMA2_Stream0_IRQHandler                  0x0800029b   Thumb Code     0  startup_stm32f429xx.o(.text)
    DMA2_Stream1_IRQHandler                  0x0800029b   Thumb Code     0  startup_stm32f429xx.o(.text)
    DMA2_Stream3_IRQHandler                  0x0800029b   Thumb Code     0  startup_stm32f429xx.o(.text)
    DMA2_Stream4_IRQHandler                  0x0800029b   Thumb Code     0  startup_stm32f429xx.o(.text)
    DMA2_Stream5_IRQHandler                  0x0800029b   Thumb Code     0  startup_stm32f429xx.o(.text)
    DMA2_Stream6_IRQHandler                  0x0800029b   Thumb Code     0  startup_stm32f429xx.o(.text)
    DMA2_Stream7_IRQHandler                  0x0800029b   Thumb Code     0  startup_stm32f429xx.o(.text)
    ETH_IRQHandler                           0x0800029b   Thumb Code     0  startup_stm32f429xx.o(.text)
    ETH_WKUP_IRQHandler                      0x0800029b   Thumb Code     0  startup_stm32f429xx.o(.text)
    EXTI0_IRQHandler                         0x0800029b   Thumb Code     0  startup_stm32f429xx.o(.text)
    EXTI15_10_IRQHandler                     0x0800029b   Thumb Code     0  startup_stm32f429xx.o(.text)
    EXTI1_IRQHandler                         0x0800029b   Thumb Code     0  startup_stm32f429xx.o(.text)
    EXTI2_IRQHandler                         0x0800029b   Thumb Code     0  startup_stm32f429xx.o(.text)
    EXTI3_IRQHandler                         0x0800029b   Thumb Code     0  startup_stm32f429xx.o(.text)
    EXTI4_IRQHandler                         0x0800029b   Thumb Code     0  startup_stm32f429xx.o(.text)
    FLASH_IRQHandler                         0x0800029b   Thumb Code     0  startup_stm32f429xx.o(.text)
    FMC_IRQHandler                           0x0800029b   Thumb Code     0  startup_stm32f429xx.o(.text)
    FPU_IRQHandler                           0x0800029b   Thumb Code     0  startup_stm32f429xx.o(.text)
    HASH_RNG_IRQHandler                      0x0800029b   Thumb Code     0  startup_stm32f429xx.o(.text)
    I2C1_ER_IRQHandler                       0x0800029b   Thumb Code     0  startup_stm32f429xx.o(.text)
    I2C1_EV_IRQHandler                       0x0800029b   Thumb Code     0  startup_stm32f429xx.o(.text)
    I2C2_ER_IRQHandler                       0x0800029b   Thumb Code     0  startup_stm32f429xx.o(.text)
    I2C2_EV_IRQHandler                       0x0800029b   Thumb Code     0  startup_stm32f429xx.o(.text)
    I2C3_ER_IRQHandler                       0x0800029b   Thumb Code     0  startup_stm32f429xx.o(.text)
    I2C3_EV_IRQHandler                       0x0800029b   Thumb Code     0  startup_stm32f429xx.o(.text)
    LTDC_ER_IRQHandler                       0x0800029b   Thumb Code     0  startup_stm32f429xx.o(.text)
    LTDC_IRQHandler                          0x0800029b   Thumb Code     0  startup_stm32f429xx.o(.text)
    OTG_FS_IRQHandler                        0x0800029b   Thumb Code     0  startup_stm32f429xx.o(.text)
    OTG_FS_WKUP_IRQHandler                   0x0800029b   Thumb Code     0  startup_stm32f429xx.o(.text)
    OTG_HS_EP1_IN_IRQHandler                 0x0800029b   Thumb Code     0  startup_stm32f429xx.o(.text)
    OTG_HS_EP1_OUT_IRQHandler                0x0800029b   Thumb Code     0  startup_stm32f429xx.o(.text)
    OTG_HS_IRQHandler                        0x0800029b   Thumb Code     0  startup_stm32f429xx.o(.text)
    OTG_HS_WKUP_IRQHandler                   0x0800029b   Thumb Code     0  startup_stm32f429xx.o(.text)
    PVD_IRQHandler                           0x0800029b   Thumb Code     0  startup_stm32f429xx.o(.text)
    RCC_IRQHandler                           0x0800029b   Thumb Code     0  startup_stm32f429xx.o(.text)
    RTC_Alarm_IRQHandler                     0x0800029b   Thumb Code     0  startup_stm32f429xx.o(.text)
    RTC_WKUP_IRQHandler                      0x0800029b   Thumb Code     0  startup_stm32f429xx.o(.text)
    SAI1_IRQHandler                          0x0800029b   Thumb Code     0  startup_stm32f429xx.o(.text)
    SDIO_IRQHandler                          0x0800029b   Thumb Code     0  startup_stm32f429xx.o(.text)
    SPI1_IRQHandler                          0x0800029b   Thumb Code     0  startup_stm32f429xx.o(.text)
    SPI2_IRQHandler                          0x0800029b   Thumb Code     0  startup_stm32f429xx.o(.text)
    SPI3_IRQHandler                          0x0800029b   Thumb Code     0  startup_stm32f429xx.o(.text)
    SPI4_IRQHandler                          0x0800029b   Thumb Code     0  startup_stm32f429xx.o(.text)
    SPI5_IRQHandler                          0x0800029b   Thumb Code     0  startup_stm32f429xx.o(.text)
    SPI6_IRQHandler                          0x0800029b   Thumb Code     0  startup_stm32f429xx.o(.text)
    TAMP_STAMP_IRQHandler                    0x0800029b   Thumb Code     0  startup_stm32f429xx.o(.text)
    TIM1_BRK_TIM9_IRQHandler                 0x0800029b   Thumb Code     0  startup_stm32f429xx.o(.text)
    TIM1_CC_IRQHandler                       0x0800029b   Thumb Code     0  startup_stm32f429xx.o(.text)
    TIM1_TRG_COM_TIM11_IRQHandler            0x0800029b   Thumb Code     0  startup_stm32f429xx.o(.text)
    TIM1_UP_TIM10_IRQHandler                 0x0800029b   Thumb Code     0  startup_stm32f429xx.o(.text)
    TIM3_IRQHandler                          0x0800029b   Thumb Code     0  startup_stm32f429xx.o(.text)
    TIM4_IRQHandler                          0x0800029b   Thumb Code     0  startup_stm32f429xx.o(.text)
    TIM5_IRQHandler                          0x0800029b   Thumb Code     0  startup_stm32f429xx.o(.text)
    TIM8_BRK_TIM12_IRQHandler                0x0800029b   Thumb Code     0  startup_stm32f429xx.o(.text)
    TIM8_CC_IRQHandler                       0x0800029b   Thumb Code     0  startup_stm32f429xx.o(.text)
    TIM8_TRG_COM_TIM14_IRQHandler            0x0800029b   Thumb Code     0  startup_stm32f429xx.o(.text)
    TIM8_UP_TIM13_IRQHandler                 0x0800029b   Thumb Code     0  startup_stm32f429xx.o(.text)
    UART4_IRQHandler                         0x0800029b   Thumb Code     0  startup_stm32f429xx.o(.text)
    UART5_IRQHandler                         0x0800029b   Thumb Code     0  startup_stm32f429xx.o(.text)
    USART6_IRQHandler                        0x0800029b   Thumb Code     0  startup_stm32f429xx.o(.text)
    WWDG_IRQHandler                          0x0800029b   Thumb Code     0  startup_stm32f429xx.o(.text)
    __aeabi_uldivmod                         0x080002a5   Thumb Code    98  uldiv.o(.text)
    __aeabi_memcpy                           0x08000307   Thumb Code    36  memcpya.o(.text)
    __aeabi_memcpy4                          0x08000307   Thumb Code     0  memcpya.o(.text)
    __aeabi_memcpy8                          0x08000307   Thumb Code     0  memcpya.o(.text)
    __aeabi_memset                           0x0800032b   Thumb Code    14  memseta.o(.text)
    __aeabi_memset4                          0x0800032b   Thumb Code     0  memseta.o(.text)
    __aeabi_memset8                          0x0800032b   Thumb Code     0  memseta.o(.text)
    __aeabi_memclr                           0x08000339   Thumb Code     4  memseta.o(.text)
    __aeabi_memclr4                          0x08000339   Thumb Code     0  memseta.o(.text)
    __aeabi_memclr8                          0x08000339   Thumb Code     0  memseta.o(.text)
    memset                                   0x0800033d   Thumb Code    18  memseta.o(.text)
    __aeabi_dadd                             0x0800034f   Thumb Code   322  dadd.o(.text)
    __aeabi_dsub                             0x08000491   Thumb Code     6  dadd.o(.text)
    __aeabi_drsub                            0x08000497   Thumb Code     6  dadd.o(.text)
    __aeabi_dmul                             0x0800049d   Thumb Code   228  dmul.o(.text)
    __aeabi_ddiv                             0x08000581   Thumb Code   222  ddiv.o(.text)
    __aeabi_i2d                              0x0800065f   Thumb Code    34  dflti.o(.text)
    __aeabi_ui2d                             0x08000681   Thumb Code    26  dfltui.o(.text)
    __aeabi_d2iz                             0x0800069b   Thumb Code    62  dfixi.o(.text)
    __aeabi_f2d                              0x080006d9   Thumb Code    38  f2d.o(.text)
    __aeabi_d2f                              0x080006ff   Thumb Code    56  d2f.o(.text)
    __aeabi_llsl                             0x08000737   Thumb Code    30  llshl.o(.text)
    _ll_shift_l                              0x08000737   Thumb Code     0  llshl.o(.text)
    __aeabi_llsr                             0x08000755   Thumb Code    32  llushr.o(.text)
    _ll_ushift_r                             0x08000755   Thumb Code     0  llushr.o(.text)
    __aeabi_lasr                             0x08000775   Thumb Code    36  llsshr.o(.text)
    _ll_sshift_r                             0x08000775   Thumb Code     0  llsshr.o(.text)
    __I$use$fp                               0x08000799   Thumb Code     0  iusefp.o(.text)
    _float_round                             0x08000799   Thumb Code    18  fepilogue.o(.text)
    _float_epilogue                          0x080007ab   Thumb Code    92  fepilogue.o(.text)
    _double_round                            0x08000807   Thumb Code    30  depilogue.o(.text)
    _double_epilogue                         0x08000825   Thumb Code   156  depilogue.o(.text)
    _dsqrt                                   0x080008c1   Thumb Code   162  dsqrt.o(.text)
    __scatterload                            0x08000965   Thumb Code    28  init.o(.text)
    __scatterload_rt2                        0x08000965   Thumb Code     0  init.o(.text)
    AllocateUsartxSpace                      0x08000989   Thumb Code   264  bsp_usart.o(i.AllocateUsartxSpace)
    BusFault_Handler                         0x08000ab5   Thumb Code     4  stm32f4xx_it.o(i.BusFault_Handler)
    CAN1_RX0_IRQHandler                      0x08000ab9   Thumb Code    10  stm32f4xx_it.o(i.CAN1_RX0_IRQHandler)
    CAN2_RX0_IRQHandler                      0x08000ac9   Thumb Code    10  stm32f4xx_it.o(i.CAN2_RX0_IRQHandler)
    CalBezierCtrlPoint                       0x08000ad9   Thumb Code    54  dog_control.o(i.CalBezierCtrlPoint)
    DJIDbusInit                              0x08000b19   Thumb Code   102  dji_dbus.o(i.DJIDbusInit)
    DMA1_Stream1_IRQHandler                  0x08000b81   Thumb Code    10  stm32f4xx_it.o(i.DMA1_Stream1_IRQHandler)
    DMA1_Stream3_IRQHandler                  0x08000b91   Thumb Code    10  stm32f4xx_it.o(i.DMA1_Stream3_IRQHandler)
    DMA1_Stream5_IRQHandler                  0x08000ba1   Thumb Code    10  stm32f4xx_it.o(i.DMA1_Stream5_IRQHandler)
    DMA1_Stream6_IRQHandler                  0x08000bb1   Thumb Code    10  stm32f4xx_it.o(i.DMA1_Stream6_IRQHandler)
    DMA2_Stream2_IRQHandler                  0x08000bc1   Thumb Code    10  stm32f4xx_it.o(i.DMA2_Stream2_IRQHandler)
    DbusAntiShake                            0x08000cdb   Thumb Code    38  dji_dbus.o(i.DbusAntiShake)
    DbusParseData                            0x08000d01   Thumb Code   374  dji_dbus.o(i.DbusParseData)
    DebugMon_Handler                         0x08000e81   Thumb Code     2  stm32f4xx_it.o(i.DebugMon_Handler)
    DefineRcKey                              0x08000e83   Thumb Code   100  dji_dbus.o(i.DefineRcKey)
    DogControlInit                           0x08000ee9   Thumb Code   118  dog_control.o(i.DogControlInit)
    DogCtrl                                  0x08000f79   Thumb Code   146  dog_control.o(i.DogCtrl)
    EXTI9_5_IRQHandler                       0x08001029   Thumb Code    10  stm32f4xx_it.o(i.EXTI9_5_IRQHandler)
    Error_Handler                            0x08001033   Thumb Code     2  main.o(i.Error_Handler)
    Fps                                      0x08001035   Thumb Code    20  fps.o(i.Fps)
    FpsCallback                              0x0800104d   Thumb Code    50  fps.o(i.FpsCallback)
    FpsUserTimeInit                          0x08001089   Thumb Code    46  fps.o(i.FpsUserTimeInit)
    GeometricForIK                           0x080010c1   Thumb Code   640  dog_control.o(i.GeometricForIK)
    GetCanAddr                               0x0800134d   Thumb Code    34  bsp_can.o(i.GetCanAddr)
    GetRcStructAddr                          0x0800137d   Thumb Code     4  parse.o(i.GetRcStructAddr)
    GetUsartAddr                             0x08001385   Thumb Code   118  bsp_usart.o(i.GetUsartAddr)
    HAL_CAN_ErrorCallback                    0x08001421   Thumb Code     2  stm32f4xx_hal_can.o(i.HAL_CAN_ErrorCallback)
    HAL_CAN_GetRxMessage                     0x08001423   Thumb Code   380  stm32f4xx_hal_can.o(i.HAL_CAN_GetRxMessage)
    HAL_CAN_IRQHandler                       0x0800159f   Thumb Code   590  stm32f4xx_hal_can.o(i.HAL_CAN_IRQHandler)
    HAL_CAN_Init                             0x080017ed   Thumb Code   372  stm32f4xx_hal_can.o(i.HAL_CAN_Init)
    HAL_CAN_MspInit                          0x08001961   Thumb Code   330  stm32f4xx_hal_msp.o(i.HAL_CAN_MspInit)
    HAL_CAN_RxFifo0FullCallback              0x08001ac5   Thumb Code     2  stm32f4xx_hal_can.o(i.HAL_CAN_RxFifo0FullCallback)
    HAL_CAN_RxFifo0MsgPendingCallback        0x08001ac9   Thumb Code    68  bsp_can.o(i.HAL_CAN_RxFifo0MsgPendingCallback)
    HAL_CAN_RxFifo1FullCallback              0x08001b15   Thumb Code     2  stm32f4xx_hal_can.o(i.HAL_CAN_RxFifo1FullCallback)
    HAL_CAN_RxFifo1MsgPendingCallback        0x08001b17   Thumb Code     2  stm32f4xx_hal_can.o(i.HAL_CAN_RxFifo1MsgPendingCallback)
    HAL_CAN_SleepCallback                    0x08001b19   Thumb Code     2  stm32f4xx_hal_can.o(i.HAL_CAN_SleepCallback)
    HAL_CAN_TxMailbox0AbortCallback          0x08001b1b   Thumb Code     2  stm32f4xx_hal_can.o(i.HAL_CAN_TxMailbox0AbortCallback)
    HAL_CAN_TxMailbox0CompleteCallback       0x08001b1d   Thumb Code     2  stm32f4xx_hal_can.o(i.HAL_CAN_TxMailbox0CompleteCallback)
    HAL_CAN_TxMailbox1AbortCallback          0x08001b1f   Thumb Code     2  stm32f4xx_hal_can.o(i.HAL_CAN_TxMailbox1AbortCallback)
    HAL_CAN_TxMailbox1CompleteCallback       0x08001b21   Thumb Code     2  stm32f4xx_hal_can.o(i.HAL_CAN_TxMailbox1CompleteCallback)
    HAL_CAN_TxMailbox2AbortCallback          0x08001b23   Thumb Code     2  stm32f4xx_hal_can.o(i.HAL_CAN_TxMailbox2AbortCallback)
    HAL_CAN_TxMailbox2CompleteCallback       0x08001b25   Thumb Code     2  stm32f4xx_hal_can.o(i.HAL_CAN_TxMailbox2CompleteCallback)
    HAL_CAN_WakeUpFromRxMsgCallback          0x08001b27   Thumb Code     2  stm32f4xx_hal_can.o(i.HAL_CAN_WakeUpFromRxMsgCallback)
    HAL_DMA_Abort                            0x08001b29   Thumb Code   170  stm32f4xx_hal_dma.o(i.HAL_DMA_Abort)
    HAL_DMA_Abort_IT                         0x08001bd3   Thumb Code    40  stm32f4xx_hal_dma.o(i.HAL_DMA_Abort_IT)
    HAL_DMA_IRQHandler                       0x08001bfd   Thumb Code   570  stm32f4xx_hal_dma.o(i.HAL_DMA_IRQHandler)
    HAL_DMA_Init                             0x08001e3d   Thumb Code   232  stm32f4xx_hal_dma.o(i.HAL_DMA_Init)
    HAL_DMA_Start_IT                         0x08001f29   Thumb Code   158  stm32f4xx_hal_dma.o(i.HAL_DMA_Start_IT)
    HAL_GPIO_EXTI_Callback                   0x08001fc9   Thumb Code    60  enconder.o(i.HAL_GPIO_EXTI_Callback)
    HAL_GPIO_EXTI_IRQHandler                 0x08002011   Thumb Code    24  stm32f4xx_hal_gpio.o(i.HAL_GPIO_EXTI_IRQHandler)
    HAL_GPIO_Init                            0x0800202d   Thumb Code   486  stm32f4xx_hal_gpio.o(i.HAL_GPIO_Init)
    HAL_GPIO_WritePin                        0x08002249   Thumb Code    12  stm32f4xx_hal_gpio.o(i.HAL_GPIO_WritePin)
    HAL_GetTick                              0x08002255   Thumb Code     6  stm32f4xx_hal.o(i.HAL_GetTick)
    HAL_IncTick                              0x08002261   Thumb Code    16  stm32f4xx_hal.o(i.HAL_IncTick)
    HAL_Init                                 0x08002279   Thumb Code    54  stm32f4xx_hal.o(i.HAL_Init)
    HAL_InitTick                             0x080022b5   Thumb Code   122  stm32f4xx_hal_timebase_tim.o(i.HAL_InitTick)
    HAL_MspInit                              0x08002341   Thumb Code    78  stm32f4xx_hal_msp.o(i.HAL_MspInit)
    HAL_NVIC_EnableIRQ                       0x08002395   Thumb Code    32  stm32f4xx_hal_cortex.o(i.HAL_NVIC_EnableIRQ)
    HAL_NVIC_SetPriority                     0x080023b5   Thumb Code   124  stm32f4xx_hal_cortex.o(i.HAL_NVIC_SetPriority)
    HAL_NVIC_SetPriorityGrouping             0x08002431   Thumb Code    32  stm32f4xx_hal_cortex.o(i.HAL_NVIC_SetPriorityGrouping)
    HAL_PWREx_EnableOverDrive                0x08002459   Thumb Code   128  stm32f4xx_hal_pwr_ex.o(i.HAL_PWREx_EnableOverDrive)
    HAL_RCC_ClockConfig                      0x080024e5   Thumb Code   366  stm32f4xx_hal_rcc.o(i.HAL_RCC_ClockConfig)
    HAL_RCC_GetClockConfig                   0x08002665   Thumb Code    58  stm32f4xx_hal_rcc.o(i.HAL_RCC_GetClockConfig)
    HAL_RCC_GetHCLKFreq                      0x080026a9   Thumb Code     6  stm32f4xx_hal_rcc.o(i.HAL_RCC_GetHCLKFreq)
    HAL_RCC_GetPCLK1Freq                     0x080026b5   Thumb Code    22  stm32f4xx_hal_rcc.o(i.HAL_RCC_GetPCLK1Freq)
    HAL_RCC_GetPCLK2Freq                     0x080026d5   Thumb Code    22  stm32f4xx_hal_rcc.o(i.HAL_RCC_GetPCLK2Freq)
    HAL_RCC_GetSysClockFreq                  0x080026f5   Thumb Code   162  stm32f4xx_hal_rcc.o(i.HAL_RCC_GetSysClockFreq)
    HAL_RCC_OscConfig                        0x080027a5   Thumb Code  1086  stm32f4xx_hal_rcc.o(i.HAL_RCC_OscConfig)
    HAL_TIMEx_BreakCallback                  0x08002bed   Thumb Code     2  stm32f4xx_hal_tim_ex.o(i.HAL_TIMEx_BreakCallback)
    HAL_TIMEx_CommutCallback                 0x08002bef   Thumb Code     2  stm32f4xx_hal_tim_ex.o(i.HAL_TIMEx_CommutCallback)
    HAL_TIMEx_ConfigBreakDeadTime            0x08002bf1   Thumb Code   116  stm32f4xx_hal_tim_ex.o(i.HAL_TIMEx_ConfigBreakDeadTime)
    HAL_TIMEx_MasterConfigSynchronization    0x08002c65   Thumb Code    84  stm32f4xx_hal_tim_ex.o(i.HAL_TIMEx_MasterConfigSynchronization)
    HAL_TIM_Base_Init                        0x08002cb9   Thumb Code    52  stm32f4xx_hal_tim.o(i.HAL_TIM_Base_Init)
    HAL_TIM_Base_MspInit                     0x08002ced   Thumb Code   236  stm32f4xx_hal_msp.o(i.HAL_TIM_Base_MspInit)
    HAL_TIM_Base_Start_IT                    0x08002de9   Thumb Code    42  stm32f4xx_hal_tim.o(i.HAL_TIM_Base_Start_IT)
    HAL_TIM_ConfigClockSource                0x08002e13   Thumb Code   264  stm32f4xx_hal_tim.o(i.HAL_TIM_ConfigClockSource)
    HAL_TIM_Encoder_Init                     0x08002f1b   Thumb Code   174  stm32f4xx_hal_tim.o(i.HAL_TIM_Encoder_Init)
    HAL_TIM_Encoder_MspInit                  0x08002fc9   Thumb Code   122  stm32f4xx_hal_msp.o(i.HAL_TIM_Encoder_MspInit)
    HAL_TIM_IC_CaptureCallback               0x08003051   Thumb Code   578  ultrasonic.o(i.HAL_TIM_IC_CaptureCallback)
    HAL_TIM_IC_ConfigChannel                 0x080032d1   Thumb Code   224  stm32f4xx_hal_tim.o(i.HAL_TIM_IC_ConfigChannel)
    HAL_TIM_IC_Init                          0x080033b1   Thumb Code    52  stm32f4xx_hal_tim.o(i.HAL_TIM_IC_Init)
    HAL_TIM_IC_MspInit                       0x080033e5   Thumb Code     2  stm32f4xx_hal_tim.o(i.HAL_TIM_IC_MspInit)
    HAL_TIM_IC_Start_IT                      0x080033e7   Thumb Code   120  stm32f4xx_hal_tim.o(i.HAL_TIM_IC_Start_IT)
    HAL_TIM_IRQHandler                       0x0800345f   Thumb Code   406  stm32f4xx_hal_tim.o(i.HAL_TIM_IRQHandler)
    HAL_TIM_MspPostInit                      0x080035f5   Thumb Code   154  stm32f4xx_hal_msp.o(i.HAL_TIM_MspPostInit)
    HAL_TIM_OC_DelayElapsedCallback          0x080036a5   Thumb Code     2  stm32f4xx_hal_tim.o(i.HAL_TIM_OC_DelayElapsedCallback)
    HAL_TIM_PWM_ConfigChannel                0x080036a7   Thumb Code   264  stm32f4xx_hal_tim.o(i.HAL_TIM_PWM_ConfigChannel)
    HAL_TIM_PWM_Init                         0x080037af   Thumb Code    52  stm32f4xx_hal_tim.o(i.HAL_TIM_PWM_Init)
    HAL_TIM_PWM_MspInit                      0x080037e5   Thumb Code    44  stm32f4xx_hal_msp.o(i.HAL_TIM_PWM_MspInit)
    HAL_TIM_PWM_PulseFinishedCallback        0x08003819   Thumb Code     2  stm32f4xx_hal_tim.o(i.HAL_TIM_PWM_PulseFinishedCallback)
    HAL_TIM_PeriodElapsedCallback            0x0800381d   Thumb Code    18  main.o(i.HAL_TIM_PeriodElapsedCallback)
    HAL_TIM_ReadCapturedValue                0x08003835   Thumb Code    50  stm32f4xx_hal_tim.o(i.HAL_TIM_ReadCapturedValue)
    HAL_TIM_TriggerCallback                  0x08003867   Thumb Code     2  stm32f4xx_hal_tim.o(i.HAL_TIM_TriggerCallback)
    HAL_UART_DMAStop                         0x08003869   Thumb Code   102  stm32f4xx_hal_uart.o(i.HAL_UART_DMAStop)
    HAL_UART_ErrorCallback                   0x080038cf   Thumb Code     2  stm32f4xx_hal_uart.o(i.HAL_UART_ErrorCallback)
    HAL_UART_IRQHandler                      0x080038d1   Thumb Code   328  stm32f4xx_hal_uart.o(i.HAL_UART_IRQHandler)
    HAL_UART_Init                            0x08003a1d   Thumb Code   114  stm32f4xx_hal_uart.o(i.HAL_UART_Init)
    HAL_UART_MspInit                         0x08003a91   Thumb Code   928  stm32f4xx_hal_msp.o(i.HAL_UART_MspInit)
    HAL_UART_Receive_DMA                     0x08003e71   Thumb Code   182  stm32f4xx_hal_uart.o(i.HAL_UART_Receive_DMA)
    HAL_UART_RxCpltCallback                  0x08003f35   Thumb Code     2  stm32f4xx_hal_uart.o(i.HAL_UART_RxCpltCallback)
    HAL_UART_RxHalfCpltCallback              0x08003f37   Thumb Code     2  stm32f4xx_hal_uart.o(i.HAL_UART_RxHalfCpltCallback)
    HAL_UART_TxCpltCallback                  0x08003f39   Thumb Code     2  stm32f4xx_hal_uart.o(i.HAL_UART_TxCpltCallback)
    HardFault_Handler                        0x08003f3b   Thumb Code     4  stm32f4xx_it.o(i.HardFault_Handler)
    MemManage_Handler                        0x080045c5   Thumb Code     4  stm32f4xx_it.o(i.MemManage_Handler)
    NMI_Handler                              0x080045c9   Thumb Code     2  stm32f4xx_it.o(i.NMI_Handler)
    NoLenRXforUsart                          0x080045cb   Thumb Code   130  bsp_usart.o(i.NoLenRXforUsart)
    ParseData                                0x0800464d   Thumb Code    10  parse.o(i.ParseData)
    ParseInit                                0x0800465d   Thumb Code    20  parse.o(i.ParseInit)
    ProgressBarLed                           0x0800467d   Thumb Code    68  leds_tip.o(i.ProgressBarLed)
    SetFpsAddress                            0x080046c1   Thumb Code    38  fps.o(i.SetFpsAddress)
    StartDefaultTask                         0x080046ed   Thumb Code    10  main.o(i.StartDefaultTask)
    StartDogControlTask                      0x080046f7   Thumb Code    26  sys_task.o(i.StartDogControlTask)
    StartParseTask                           0x08004711   Thumb Code    18  sys_task.o(i.StartParseTask)
    StartSysInitTask                         0x08004725   Thumb Code    98  sys_task.o(i.StartSysInitTask)
    SysInit                                  0x080047a1   Thumb Code     8  user.o(i.SysInit)
    SysInitCreate                            0x080047a9   Thumb Code    34  sys_task.o(i.SysInitCreate)
    SysTick_Handler                          0x080047d5   Thumb Code    46  port.o(i.SysTick_Handler)
    SystemClock_Config                       0x08004809   Thumb Code   180  main.o(i.SystemClock_Config)
    SystemInit                               0x080048c5   Thumb Code    82  system_stm32f4xx.o(i.SystemInit)
    TIM2_IRQHandler                          0x08004929   Thumb Code    10  stm32f4xx_it.o(i.TIM2_IRQHandler)
    TIM6_DAC_IRQHandler                      0x08004939   Thumb Code    10  stm32f4xx_it.o(i.TIM6_DAC_IRQHandler)
    TIM7_IRQHandler                          0x08004949   Thumb Code    10  stm32f4xx_it.o(i.TIM7_IRQHandler)
    TIM_Base_SetConfig                       0x08004959   Thumb Code   170  stm32f4xx_hal_tim.o(i.TIM_Base_SetConfig)
    TIM_CCxChannelCmd                        0x08004a31   Thumb Code    34  stm32f4xx_hal_tim.o(i.TIM_CCxChannelCmd)
    TIM_ETR_SetConfig                        0x08004a53   Thumb Code    22  stm32f4xx_hal_tim.o(i.TIM_ETR_SetConfig)
    TIM_OC2_SetConfig                        0x08004aed   Thumb Code   114  stm32f4xx_hal_tim.o(i.TIM_OC2_SetConfig)
    TIM_TI1_SetConfig                        0x08004c5d   Thumb Code   114  stm32f4xx_hal_tim.o(i.TIM_TI1_SetConfig)
    TrajectoryPlanning                       0x08004dc5   Thumb Code    32  dog_control.o(i.TrajectoryPlanning)
    UART7_IRQHandler                         0x08004de9   Thumb Code    10  stm32f4xx_it.o(i.UART7_IRQHandler)
    UART8_IRQHandler                         0x08004df9   Thumb Code    10  stm32f4xx_it.o(i.UART8_IRQHandler)
    USART1_IRQHandler                        0x0800538d   Thumb Code    10  stm32f4xx_it.o(i.USART1_IRQHandler)
    USART2_IRQHandler                        0x0800539d   Thumb Code    10  stm32f4xx_it.o(i.USART2_IRQHandler)
    USART3_IRQHandler                        0x080053ad   Thumb Code    10  stm32f4xx_it.o(i.USART3_IRQHandler)
    UsageFault_Handler                       0x080053bd   Thumb Code     4  stm32f4xx_it.o(i.UsageFault_Handler)
    UsartAndDMAInit                          0x080053c1   Thumb Code   122  bsp_usart.o(i.UsartAndDMAInit)
    UsartQueueCreate                         0x0800543b   Thumb Code    38  bsp_usart.o(i.UsartQueueCreate)
    UserUsartCallback                        0x08005461   Thumb Code    12  bsp_usart.o(i.UserUsartCallback)
    UserUsartQueueRX                         0x0800546d   Thumb Code    56  bsp_usart.o(i.UserUsartQueueRX)
    __ARM_fpclassify                         0x080054a5   Thumb Code    48  fpclassify.o(i.__ARM_fpclassify)
    __hardfp_acos                            0x08005511   Thumb Code   738  acos.o(i.__hardfp_acos)
    __hardfp_atan                            0x08005869   Thumb Code   622  atan.o(i.__hardfp_atan)
    __hardfp_atan2                           0x08005b41   Thumb Code   432  atan2.o(i.__hardfp_atan2)
    __hardfp_sqrt                            0x08005d31   Thumb Code   122  sqrt.o(i.__hardfp_sqrt)
    __kernel_poly                            0x08005dab   Thumb Code   248  poly.o(i.__kernel_poly)
    __mathlib_dbl_infnan                     0x08005ea3   Thumb Code    20  dunder.o(i.__mathlib_dbl_infnan)
    __mathlib_dbl_infnan2                    0x08005eb7   Thumb Code    20  dunder.o(i.__mathlib_dbl_infnan2)
    __mathlib_dbl_invalid                    0x08005ed1   Thumb Code    24  dunder.o(i.__mathlib_dbl_invalid)
    __mathlib_dbl_underflow                  0x08005ef1   Thumb Code    24  dunder.o(i.__mathlib_dbl_underflow)
    __scatterload_copy                       0x08005f11   Thumb Code    14  handlers.o(i.__scatterload_copy)
    __scatterload_null                       0x08005f1f   Thumb Code     2  handlers.o(i.__scatterload_null)
    __scatterload_zeroinit                   0x08005f21   Thumb Code    14  handlers.o(i.__scatterload_zeroinit)
    __set_errno                              0x08005f31   Thumb Code     6  errno.o(i.__set_errno)
    atan                                     0x08005f3d   Thumb Code    16  atan.o(i.atan)
    bezier_interpolation_func                0x08005f4d   Thumb Code   310  counters.o(i.bezier_interpolation_func)
    can1_rx                                  0x08006083   Thumb Code     2  bsp_can.o(i.can1_rx)
    can2_rx                                  0x08006085   Thumb Code     2  parse.o(i.can2_rx)
    configureTimerForRunTimeStats            0x08006089   Thumb Code     8  debug_by_keil.o(i.configureTimerForRunTimeStats)
    draw_bezier_curves                       0x08006095   Thumb Code   116  counters.o(i.draw_bezier_curves)
    fabs                                     0x08006115   Thumb Code    24  fabs.o(i.fabs)
    free                                     0x0800612d   Thumb Code    76  malloc.o(i.free)
    getRunTimeCounterValue                   0x0800617d   Thumb Code     6  debug_by_keil.o(i.getRunTimeCounterValue)
    main                                     0x08006199   Thumb Code   104  main.o(i.main)
    malloc                                   0x08006219   Thumb Code    92  malloc.o(i.malloc)
    osDelay                                  0x08006285   Thumb Code    24  cmsis_os.o(i.osDelay)
    osKernelStart                            0x0800629d   Thumb Code    10  cmsis_os.o(i.osKernelStart)
    osThreadCreate                           0x080062a7   Thumb Code    48  cmsis_os.o(i.osThreadCreate)
    osTimerCreate                            0x080062d9   Thumb Code    36  cmsis_os.o(i.osTimerCreate)
    osTimerStart                             0x08006301   Thumb Code   100  cmsis_os.o(i.osTimerStart)
    pvPortMalloc                             0x08006d75   Thumb Code   296  heap_4.o(i.pvPortMalloc)
    pxPortInitialiseStack                    0x08006eb1   Thumb Code    38  port.o(i.pxPortInitialiseStack)
    sqrt                                     0x08006edd   Thumb Code   110  sqrt.o(i.sqrt)
    uxListRemove                             0x08006f4b   Thumb Code    40  list.o(i.uxListRemove)
    vListInitialise                          0x08006f73   Thumb Code    26  list.o(i.vListInitialise)
    vListInitialiseItem                      0x08006f8d   Thumb Code     6  list.o(i.vListInitialiseItem)
    vListInsert                              0x08006f93   Thumb Code    52  list.o(i.vListInsert)
    vListInsertEnd                           0x08006fc7   Thumb Code    24  list.o(i.vListInsertEnd)
    vPortEnterCritical                       0x08006fe1   Thumb Code    76  port.o(i.vPortEnterCritical)
    vPortExitCritical                        0x08007035   Thumb Code    56  port.o(i.vPortExitCritical)
    vPortFree                                0x08007071   Thumb Code   140  heap_4.o(i.vPortFree)
    vPortSetupTimerInterrupt                 0x08007105   Thumb Code    36  port.o(i.vPortSetupTimerInterrupt)
    vPortValidateInterruptPriority           0x0800712d   Thumb Code   106  port.o(i.vPortValidateInterruptPriority)
    vQueueAddToRegistry                      0x080071a5   Thumb Code    38  queue.o(i.vQueueAddToRegistry)
    vQueueWaitForMessageRestricted           0x080071d1   Thumb Code    74  queue.o(i.vQueueWaitForMessageRestricted)
    vTaskDelay                               0x0800721d   Thumb Code    82  tasks.o(i.vTaskDelay)
    vTaskDelete                              0x08007279   Thumb Code   202  tasks.o(i.vTaskDelete)
    vTaskInternalSetTimeOutState             0x0800736d   Thumb Code    14  tasks.o(i.vTaskInternalSetTimeOutState)
    vTaskMissedYield                         0x08007385   Thumb Code     8  tasks.o(i.vTaskMissedYield)
    vTaskPlaceOnEventList                    0x08007391   Thumb Code    52  tasks.o(i.vTaskPlaceOnEventList)
    vTaskPlaceOnEventListRestricted          0x080073c9   Thumb Code    60  tasks.o(i.vTaskPlaceOnEventListRestricted)
    vTaskResume                              0x08007409   Thumb Code   128  tasks.o(i.vTaskResume)
    vTaskStartScheduler                      0x08007499   Thumb Code   122  tasks.o(i.vTaskStartScheduler)
    vTaskSuspend                             0x08007531   Thumb Code   210  tasks.o(i.vTaskSuspend)
    vTaskSuspendAll                          0x08007625   Thumb Code    12  tasks.o(i.vTaskSuspendAll)
    vTaskSwitchContext                       0x08007635   Thumb Code   172  tasks.o(i.vTaskSwitchContext)
    xPortStartScheduler                      0x080076fd   Thumb Code   330  port.o(i.xPortStartScheduler)
    xQueueGenericCreate                      0x08007865   Thumb Code    88  queue.o(i.xQueueGenericCreate)
    xQueueGenericReset                       0x080078bd   Thumb Code   146  queue.o(i.xQueueGenericReset)
    xQueueGenericSend                        0x08007955   Thumb Code   420  queue.o(i.xQueueGenericSend)
    xQueueGenericSendFromISR                 0x08007afd   Thumb Code   248  queue.o(i.xQueueGenericSendFromISR)
    xQueueReceive                            0x08007bf5   Thumb Code   356  queue.o(i.xQueueReceive)
    xTaskCheckForTimeOut                     0x08007d5d   Thumb Code   132  tasks.o(i.xTaskCheckForTimeOut)
    xTaskCreate                              0x08007de9   Thumb Code    96  tasks.o(i.xTaskCreate)
    xTaskGetSchedulerState                   0x08007e49   Thumb Code    24  tasks.o(i.xTaskGetSchedulerState)
    xTaskGetTickCount                        0x08007e69   Thumb Code     6  tasks.o(i.xTaskGetTickCount)
    xTaskIncrementTick                       0x08007e75   Thumb Code   282  tasks.o(i.xTaskIncrementTick)
    xTaskPriorityDisinherit                  0x08007fbd   Thumb Code   188  tasks.o(i.xTaskPriorityDisinherit)
    xTaskRemoveFromEventList                 0x08008085   Thumb Code   128  tasks.o(i.xTaskRemoveFromEventList)
    xTaskResumeAll                           0x0800811d   Thumb Code   224  tasks.o(i.xTaskResumeAll)
    xTimerCreate                             0x08008221   Thumb Code    48  timers.o(i.xTimerCreate)
    xTimerCreateTimerTask                    0x08008251   Thumb Code    64  timers.o(i.xTimerCreateTimerTask)
    xTimerGenericCommand                     0x080082a5   Thumb Code   126  timers.o(i.xTimerGenericCommand)
    AHBPrescTable                            0x08008344   Data          16  system_stm32f4xx.o(.constdata)
    APBPrescTable                            0x08008354   Data           8  system_stm32f4xx.o(.constdata)
    __mathlib_zero                           0x08008488   Data           8  qnan.o(.constdata)
    Region$$Table$$Base                      0x080084c4   Number         0  anon$$obj.o(Region$$Table)
    Region$$Table$$Limit                     0x080084e4   Number         0  anon$$obj.o(Region$$Table)
    defaultTaskHandle                        0x20000000   Data           4  main.o(.data)
    uwTick                                   0x20000008   Data           4  stm32f4xx_hal.o(.data)
    uwTickPrio                               0x2000000c   Data           4  stm32f4xx_hal.o(.data)
    uwTickFreq                               0x20000010   Data           1  stm32f4xx_hal.o(.data)
    SystemCoreClock                          0x20000014   Data           4  system_stm32f4xx.o(.data)
    pxCurrentTCB                             0x20000018   Data           4  tasks.o(.data)
    exti_z                                   0x20000094   Data           2  enconder.o(.data)
    last_temp_h                              0x20000098   Data           4  enconder.o(.data)
    Channel3HighTime                         0x2000009c   Data           4  ultrasonic.o(.data)
    Channel4HighTime                         0x200000a0   Data           4  ultrasonic.o(.data)
    Channel3Period                           0x200000a4   Data           4  ultrasonic.o(.data)
    Channel4Period                           0x200000a8   Data           4  ultrasonic.o(.data)
    Channel3Edge                             0x200000ac   Data           1  ultrasonic.o(.data)
    Channel4Edge                             0x200000ad   Data           1  ultrasonic.o(.data)
    Channel3Percent                          0x200000b0   Data           4  ultrasonic.o(.data)
    Channel4Percent                          0x200000b4   Data           4  ultrasonic.o(.data)
    Channel3RisingTimeLast                   0x200000b8   Data           4  ultrasonic.o(.data)
    Channel3RisingTimeNow                    0x200000bc   Data           4  ultrasonic.o(.data)
    Channel3FallingTime                      0x200000c0   Data           4  ultrasonic.o(.data)
    Channel4RisingTimeLast                   0x200000c4   Data           4  ultrasonic.o(.data)
    Channel4RisingTimeNow                    0x200000c8   Data           4  ultrasonic.o(.data)
    Channel4FallingTime                      0x200000cc   Data           4  ultrasonic.o(.data)
    fpsTimerHandle                           0x200000dc   Data           4  fps.o(.data)
    temp_speed                               0x200000e0   Data           2  dog_control.o(.data)
    temp_high                                0x200000e2   Data           2  dog_control.o(.data)
    temp_buff                                0x200000e4   Data           4  dog_control.o(.data)
    temp_q1                                  0x200000e8   Data           4  dog_control.o(.data)
    temp_q2                                  0x200000ec   Data           4  dog_control.o(.data)
    d_state                                  0x200000f0   Data           1  dog_control.o(.data)
    diagonal_state                           0x200000f1   Data           1  dog_control.o(.data)
    runtimeCounter                           0x200000f4   Data           4  debug_by_keil.o(.data)
    pdebug_t                                 0x200000f8   Data           4  debug_by_keil.o(.data)
    startDebugByKeilTaskHandle               0x200000fc   Data           4  debug_by_keil.o(.data)
    aaa                                      0x20000100   Data           1  debug_by_keil.o(.data)
    gggfffdg                                 0x20000102   Data           2  debug_by_keil.o(.data)
    startSysInitTaskHandle                   0x20000104   Data           4  sys_task.o(.data)
    startParseTaskHandle                     0x20000108   Data           4  sys_task.o(.data)
    startDogControlTaskHandle                0x2000010c   Data           4  sys_task.o(.data)
    enble_s                                  0x20000110   Data           1  sys_task.o(.data)
    __microlib_freelist                      0x20000114   Data           4  mvars.o(.data)
    __microlib_freelist_initialised          0x20000118   Data           4  mvars.o(.data)
    hcan1                                    0x20000120   Data          40  main.o(.bss)
    hcan2                                    0x20000148   Data          40  main.o(.bss)
    htim1                                    0x20000170   Data          64  main.o(.bss)
    htim2                                    0x200001b0   Data          64  main.o(.bss)
    htim3                                    0x200001f0   Data          64  main.o(.bss)
    htim7                                    0x20000230   Data          64  main.o(.bss)
    htim12                                   0x20000270   Data          64  main.o(.bss)
    huart7                                   0x200002b0   Data          64  main.o(.bss)
    huart8                                   0x200002f0   Data          64  main.o(.bss)
    huart1                                   0x20000330   Data          64  main.o(.bss)
    huart2                                   0x20000370   Data          64  main.o(.bss)
    huart3                                   0x200003b0   Data          64  main.o(.bss)
    hdma_uart7_rx                            0x200003f0   Data          96  main.o(.bss)
    hdma_uart8_rx                            0x20000450   Data          96  main.o(.bss)
    hdma_usart1_rx                           0x200004b0   Data          96  main.o(.bss)
    hdma_usart2_rx                           0x20000510   Data          96  main.o(.bss)
    hdma_usart3_rx                           0x20000570   Data          96  main.o(.bss)
    htim6                                    0x200005d0   Data          64  stm32f4xx_hal_timebase_tim.o(.bss)
    xQueueRegistry                           0x20000610   Data          64  queue.o(.bss)
    pcan_t                                   0x20007068   Data          12  bsp_can.o(.bss)
    pusart_t                                 0x20007074   Data          36  bsp_usart.o(.bss)
    databuff                                 0x20007098   Data          21  dji_dbus.o(.bss)
    dbus_t                                   0x200071d4   Data          52  parse.o(.bss)
    dogCtrl_t                                0x20007208   Data         828  dog_control.o(.bss)
    gIK_t                                    0x20007544   Data          28  dog_control.o(.bss)
    dogCtrlRedifRc_t                         0x20007560   Data          32  dog_control.o(.bss)
    __heap_base                              0x20007580   Data           0  startup_stm32f429xx.o(HEAP)
    __heap_limit                             0x20008780   Data           0  startup_stm32f429xx.o(HEAP)
    __initial_sp                             0x20008b80   Data           0  startup_stm32f429xx.o(STACK)



==============================================================================

Memory Map of the image

  Image Entry point : 0x080001ad

  Load Region LR_IROM1 (Base: 0x08000000, Size: 0x00008604, Max: 0x00200000, ABSOLUTE)

    Execution Region ER_IROM1 (Exec base: 0x08000000, Load base: 0x08000000, Size: 0x000084e4, Max: 0x00200000, ABSOLUTE)

    Exec Addr    Load Addr    Size         Type   Attr      Idx    E Section Name        Object

    0x08000000   0x08000000   0x000001ac   Data   RO            3    RESET               startup_stm32f429xx.o
    0x080001ac   0x080001ac   0x00000000   Code   RO         6775  * .ARM.Collect$$$$00000000  mc_w.l(entry.o)
    0x080001ac   0x080001ac   0x00000004   Code   RO         7138    .ARM.Collect$$$$00000001  mc_w.l(entry2.o)
    0x080001b0   0x080001b0   0x00000004   Code   RO         7141    .ARM.Collect$$$$00000004  mc_w.l(entry5.o)
    0x080001b4   0x080001b4   0x00000000   Code   RO         7143    .ARM.Collect$$$$00000008  mc_w.l(entry7b.o)
    0x080001b4   0x080001b4   0x00000000   Code   RO         7145    .ARM.Collect$$$$0000000A  mc_w.l(entry8b.o)
    0x080001b4   0x080001b4   0x00000008   Code   RO         7146    .ARM.Collect$$$$0000000B  mc_w.l(entry9a.o)
    0x080001bc   0x080001bc   0x00000000   Code   RO         7148    .ARM.Collect$$$$0000000D  mc_w.l(entry10a.o)
    0x080001bc   0x080001bc   0x00000000   Code   RO         7150    .ARM.Collect$$$$0000000F  mc_w.l(entry11a.o)
    0x080001bc   0x080001bc   0x00000004   Code   RO         7139    .ARM.Collect$$$$00002712  mc_w.l(entry2.o)
    0x080001c0   0x080001c0   0x000000be   Code   RO         4907    .emb_text           port.o
    0x0800027e   0x0800027e   0x00000002   PAD
    0x08000280   0x08000280   0x00000024   Code   RO            4    .text               startup_stm32f429xx.o
    0x080002a4   0x080002a4   0x00000062   Code   RO         6778    .text               mc_w.l(uldiv.o)
    0x08000306   0x08000306   0x00000024   Code   RO         6780    .text               mc_w.l(memcpya.o)
    0x0800032a   0x0800032a   0x00000024   Code   RO         6784    .text               mc_w.l(memseta.o)
    0x0800034e   0x0800034e   0x0000014e   Code   RO         7081    .text               mf_w.l(dadd.o)
    0x0800049c   0x0800049c   0x000000e4   Code   RO         7083    .text               mf_w.l(dmul.o)
    0x08000580   0x08000580   0x000000de   Code   RO         7085    .text               mf_w.l(ddiv.o)
    0x0800065e   0x0800065e   0x00000022   Code   RO         7087    .text               mf_w.l(dflti.o)
    0x08000680   0x08000680   0x0000001a   Code   RO         7089    .text               mf_w.l(dfltui.o)
    0x0800069a   0x0800069a   0x0000003e   Code   RO         7091    .text               mf_w.l(dfixi.o)
    0x080006d8   0x080006d8   0x00000026   Code   RO         7095    .text               mf_w.l(f2d.o)
    0x080006fe   0x080006fe   0x00000038   Code   RO         7097    .text               mf_w.l(d2f.o)
    0x08000736   0x08000736   0x0000001e   Code   RO         7155    .text               mc_w.l(llshl.o)
    0x08000754   0x08000754   0x00000020   Code   RO         7157    .text               mc_w.l(llushr.o)
    0x08000774   0x08000774   0x00000024   Code   RO         7159    .text               mc_w.l(llsshr.o)
    0x08000798   0x08000798   0x00000000   Code   RO         7170    .text               mc_w.l(iusefp.o)
    0x08000798   0x08000798   0x0000006e   Code   RO         7171    .text               mf_w.l(fepilogue.o)
    0x08000806   0x08000806   0x000000ba   Code   RO         7173    .text               mf_w.l(depilogue.o)
    0x080008c0   0x080008c0   0x000000a2   Code   RO         7179    .text               mf_w.l(dsqrt.o)
    0x08000962   0x08000962   0x00000002   PAD
    0x08000964   0x08000964   0x00000024   Code   RO         7187    .text               mc_w.l(init.o)
    0x08000988   0x08000988   0x0000012c   Code   RO         5074    i.AllocateUsartxSpace  bsp_usart.o
    0x08000ab4   0x08000ab4   0x00000004   Code   RO          386    i.BusFault_Handler  stm32f4xx_it.o
    0x08000ab8   0x08000ab8   0x00000010   Code   RO          387    i.CAN1_RX0_IRQHandler  stm32f4xx_it.o
    0x08000ac8   0x08000ac8   0x00000010   Code   RO          388    i.CAN2_RX0_IRQHandler  stm32f4xx_it.o
    0x08000ad8   0x08000ad8   0x00000040   Code   RO         6515    i.CalBezierCtrlPoint  dog_control.o
    0x08000b18   0x08000b18   0x00000066   Code   RO         5658    i.DJIDbusInit       dji_dbus.o
    0x08000b7e   0x08000b7e   0x00000002   PAD
    0x08000b80   0x08000b80   0x00000010   Code   RO          389    i.DMA1_Stream1_IRQHandler  stm32f4xx_it.o
    0x08000b90   0x08000b90   0x00000010   Code   RO          390    i.DMA1_Stream3_IRQHandler  stm32f4xx_it.o
    0x08000ba0   0x08000ba0   0x00000010   Code   RO          391    i.DMA1_Stream5_IRQHandler  stm32f4xx_it.o
    0x08000bb0   0x08000bb0   0x00000010   Code   RO          392    i.DMA1_Stream6_IRQHandler  stm32f4xx_it.o
    0x08000bc0   0x08000bc0   0x00000010   Code   RO          393    i.DMA2_Stream2_IRQHandler  stm32f4xx_it.o
    0x08000bd0   0x08000bd0   0x00000034   Code   RO         2741    i.DMA_CalcBaseAndBitshift  stm32f4xx_hal_dma.o
    0x08000c04   0x08000c04   0x000000aa   Code   RO         2742    i.DMA_CheckFifoParam  stm32f4xx_hal_dma.o
    0x08000cae   0x08000cae   0x0000002c   Code   RO         2743    i.DMA_SetConfig     stm32f4xx_hal_dma.o
    0x08000cda   0x08000cda   0x00000026   Code   RO         5659    i.DbusAntiShake     dji_dbus.o
    0x08000d00   0x08000d00   0x00000180   Code   RO         5660    i.DbusParseData     dji_dbus.o
    0x08000e80   0x08000e80   0x00000002   Code   RO          394    i.DebugMon_Handler  stm32f4xx_it.o
    0x08000e82   0x08000e82   0x00000064   Code   RO         5661    i.DefineRcKey       dji_dbus.o
    0x08000ee6   0x08000ee6   0x00000002   PAD
    0x08000ee8   0x08000ee8   0x00000090   Code   RO         6517    i.DogControlInit    dog_control.o
    0x08000f78   0x08000f78   0x000000b0   Code   RO         6518    i.DogCtrl           dog_control.o
    0x08001028   0x08001028   0x0000000a   Code   RO          395    i.EXTI9_5_IRQHandler  stm32f4xx_it.o
    0x08001032   0x08001032   0x00000002   Code   RO           13    i.Error_Handler     main.o
    0x08001034   0x08001034   0x00000018   Code   RO         6199    i.Fps               fps.o
    0x0800104c   0x0800104c   0x0000003c   Code   RO         6200    i.FpsCallback       fps.o
    0x08001088   0x08001088   0x00000038   Code   RO         6201    i.FpsUserTimeInit   fps.o
    0x080010c0   0x080010c0   0x0000028c   Code   RO         6520    i.GeometricForIK    dog_control.o
    0x0800134c   0x0800134c   0x00000030   Code   RO         4992    i.GetCanAddr        bsp_can.o
    0x0800137c   0x0800137c   0x00000008   Code   RO         6458    i.GetRcStructAddr   parse.o
    0x08001384   0x08001384   0x0000009c   Code   RO         5075    i.GetUsartAddr      bsp_usart.o
    0x08001420   0x08001420   0x00000002   Code   RO          682    i.HAL_CAN_ErrorCallback  stm32f4xx_hal_can.o
    0x08001422   0x08001422   0x0000017c   Code   RO          685    i.HAL_CAN_GetRxMessage  stm32f4xx_hal_can.o
    0x0800159e   0x0800159e   0x0000024e   Code   RO          689    i.HAL_CAN_IRQHandler  stm32f4xx_hal_can.o
    0x080017ec   0x080017ec   0x00000174   Code   RO          690    i.HAL_CAN_Init      stm32f4xx_hal_can.o
    0x08001960   0x08001960   0x00000164   Code   RO          545    i.HAL_CAN_MspInit   stm32f4xx_hal_msp.o
    0x08001ac4   0x08001ac4   0x00000002   Code   RO          697    i.HAL_CAN_RxFifo0FullCallback  stm32f4xx_hal_can.o
    0x08001ac6   0x08001ac6   0x00000002   PAD
    0x08001ac8   0x08001ac8   0x0000004c   Code   RO         4993    i.HAL_CAN_RxFifo0MsgPendingCallback  bsp_can.o
    0x08001b14   0x08001b14   0x00000002   Code   RO          699    i.HAL_CAN_RxFifo1FullCallback  stm32f4xx_hal_can.o
    0x08001b16   0x08001b16   0x00000002   Code   RO          700    i.HAL_CAN_RxFifo1MsgPendingCallback  stm32f4xx_hal_can.o
    0x08001b18   0x08001b18   0x00000002   Code   RO          701    i.HAL_CAN_SleepCallback  stm32f4xx_hal_can.o
    0x08001b1a   0x08001b1a   0x00000002   Code   RO          704    i.HAL_CAN_TxMailbox0AbortCallback  stm32f4xx_hal_can.o
    0x08001b1c   0x08001b1c   0x00000002   Code   RO          705    i.HAL_CAN_TxMailbox0CompleteCallback  stm32f4xx_hal_can.o
    0x08001b1e   0x08001b1e   0x00000002   Code   RO          706    i.HAL_CAN_TxMailbox1AbortCallback  stm32f4xx_hal_can.o
    0x08001b20   0x08001b20   0x00000002   Code   RO          707    i.HAL_CAN_TxMailbox1CompleteCallback  stm32f4xx_hal_can.o
    0x08001b22   0x08001b22   0x00000002   Code   RO          708    i.HAL_CAN_TxMailbox2AbortCallback  stm32f4xx_hal_can.o
    0x08001b24   0x08001b24   0x00000002   Code   RO          709    i.HAL_CAN_TxMailbox2CompleteCallback  stm32f4xx_hal_can.o
    0x08001b26   0x08001b26   0x00000002   Code   RO          711    i.HAL_CAN_WakeUpFromRxMsgCallback  stm32f4xx_hal_can.o
    0x08001b28   0x08001b28   0x000000aa   Code   RO         2744    i.HAL_DMA_Abort     stm32f4xx_hal_dma.o
    0x08001bd2   0x08001bd2   0x00000028   Code   RO         2745    i.HAL_DMA_Abort_IT  stm32f4xx_hal_dma.o
    0x08001bfa   0x08001bfa   0x00000002   PAD
    0x08001bfc   0x08001bfc   0x00000240   Code   RO         2749    i.HAL_DMA_IRQHandler  stm32f4xx_hal_dma.o
    0x08001e3c   0x08001e3c   0x000000ec   Code   RO         2750    i.HAL_DMA_Init      stm32f4xx_hal_dma.o
    0x08001f28   0x08001f28   0x0000009e   Code   RO         2754    i.HAL_DMA_Start_IT  stm32f4xx_hal_dma.o
    0x08001fc6   0x08001fc6   0x00000002   PAD
    0x08001fc8   0x08001fc8   0x00000048   Code   RO         5709    i.HAL_GPIO_EXTI_Callback  enconder.o
    0x08002010   0x08002010   0x0000001c   Code   RO         2636    i.HAL_GPIO_EXTI_IRQHandler  stm32f4xx_hal_gpio.o
    0x0800202c   0x0800202c   0x0000021c   Code   RO         2637    i.HAL_GPIO_Init     stm32f4xx_hal_gpio.o
    0x08002248   0x08002248   0x0000000c   Code   RO         2641    i.HAL_GPIO_WritePin  stm32f4xx_hal_gpio.o
    0x08002254   0x08002254   0x0000000c   Code   RO         3194    i.HAL_GetTick       stm32f4xx_hal.o
    0x08002260   0x08002260   0x00000018   Code   RO         3200    i.HAL_IncTick       stm32f4xx_hal.o
    0x08002278   0x08002278   0x0000003c   Code   RO         3201    i.HAL_Init          stm32f4xx_hal.o
    0x080022b4   0x080022b4   0x0000008c   Code   RO          637    i.HAL_InitTick      stm32f4xx_hal_timebase_tim.o
    0x08002340   0x08002340   0x00000054   Code   RO          546    i.HAL_MspInit       stm32f4xx_hal_msp.o
    0x08002394   0x08002394   0x00000020   Code   RO         3044    i.HAL_NVIC_EnableIRQ  stm32f4xx_hal_cortex.o
    0x080023b4   0x080023b4   0x0000007c   Code   RO         3050    i.HAL_NVIC_SetPriority  stm32f4xx_hal_cortex.o
    0x08002430   0x08002430   0x00000028   Code   RO         3051    i.HAL_NVIC_SetPriorityGrouping  stm32f4xx_hal_cortex.o
    0x08002458   0x08002458   0x0000008c   Code   RO         2973    i.HAL_PWREx_EnableOverDrive  stm32f4xx_hal_pwr_ex.o
    0x080024e4   0x080024e4   0x00000180   Code   RO         2181    i.HAL_RCC_ClockConfig  stm32f4xx_hal_rcc.o
    0x08002664   0x08002664   0x00000044   Code   RO         2185    i.HAL_RCC_GetClockConfig  stm32f4xx_hal_rcc.o
    0x080026a8   0x080026a8   0x0000000c   Code   RO         2186    i.HAL_RCC_GetHCLKFreq  stm32f4xx_hal_rcc.o
    0x080026b4   0x080026b4   0x00000020   Code   RO         2188    i.HAL_RCC_GetPCLK1Freq  stm32f4xx_hal_rcc.o
    0x080026d4   0x080026d4   0x00000020   Code   RO         2189    i.HAL_RCC_GetPCLK2Freq  stm32f4xx_hal_rcc.o
    0x080026f4   0x080026f4   0x000000b0   Code   RO         2190    i.HAL_RCC_GetSysClockFreq  stm32f4xx_hal_rcc.o
    0x080027a4   0x080027a4   0x00000448   Code   RO         2193    i.HAL_RCC_OscConfig  stm32f4xx_hal_rcc.o
    0x08002bec   0x08002bec   0x00000002   Code   RO         1598    i.HAL_TIMEx_BreakCallback  stm32f4xx_hal_tim_ex.o
    0x08002bee   0x08002bee   0x00000002   Code   RO         1599    i.HAL_TIMEx_CommutCallback  stm32f4xx_hal_tim_ex.o
    0x08002bf0   0x08002bf0   0x00000074   Code   RO         1601    i.HAL_TIMEx_ConfigBreakDeadTime  stm32f4xx_hal_tim_ex.o
    0x08002c64   0x08002c64   0x00000054   Code   RO         1616    i.HAL_TIMEx_MasterConfigSynchronization  stm32f4xx_hal_tim_ex.o
    0x08002cb8   0x08002cb8   0x00000034   Code   RO          912    i.HAL_TIM_Base_Init  stm32f4xx_hal_tim.o
    0x08002cec   0x08002cec   0x000000fc   Code   RO          548    i.HAL_TIM_Base_MspInit  stm32f4xx_hal_msp.o
    0x08002de8   0x08002de8   0x0000002a   Code   RO          917    i.HAL_TIM_Base_Start_IT  stm32f4xx_hal_tim.o
    0x08002e12   0x08002e12   0x00000108   Code   RO          921    i.HAL_TIM_ConfigClockSource  stm32f4xx_hal_tim.o
    0x08002f1a   0x08002f1a   0x000000ae   Code   RO          930    i.HAL_TIM_Encoder_Init  stm32f4xx_hal_tim.o
    0x08002fc8   0x08002fc8   0x00000088   Code   RO          550    i.HAL_TIM_Encoder_MspInit  stm32f4xx_hal_msp.o
    0x08003050   0x08003050   0x00000280   Code   RO         6064    i.HAL_TIM_IC_CaptureCallback  ultrasonic.o
    0x080032d0   0x080032d0   0x000000e0   Code   RO          943    i.HAL_TIM_IC_ConfigChannel  stm32f4xx_hal_tim.o
    0x080033b0   0x080033b0   0x00000034   Code   RO          946    i.HAL_TIM_IC_Init   stm32f4xx_hal_tim.o
    0x080033e4   0x080033e4   0x00000002   Code   RO          948    i.HAL_TIM_IC_MspInit  stm32f4xx_hal_tim.o
    0x080033e6   0x080033e6   0x00000078   Code   RO          951    i.HAL_TIM_IC_Start_IT  stm32f4xx_hal_tim.o
    0x0800345e   0x0800345e   0x00000196   Code   RO          955    i.HAL_TIM_IRQHandler  stm32f4xx_hal_tim.o
    0x080035f4   0x080035f4   0x000000b0   Code   RO          551    i.HAL_TIM_MspPostInit  stm32f4xx_hal_msp.o
    0x080036a4   0x080036a4   0x00000002   Code   RO          958    i.HAL_TIM_OC_DelayElapsedCallback  stm32f4xx_hal_tim.o
    0x080036a6   0x080036a6   0x00000108   Code   RO          979    i.HAL_TIM_PWM_ConfigChannel  stm32f4xx_hal_tim.o
    0x080037ae   0x080037ae   0x00000034   Code   RO          982    i.HAL_TIM_PWM_Init  stm32f4xx_hal_tim.o
    0x080037e2   0x080037e2   0x00000002   PAD
    0x080037e4   0x080037e4   0x00000034   Code   RO          553    i.HAL_TIM_PWM_MspInit  stm32f4xx_hal_msp.o
    0x08003818   0x08003818   0x00000002   Code   RO          985    i.HAL_TIM_PWM_PulseFinishedCallback  stm32f4xx_hal_tim.o
    0x0800381a   0x0800381a   0x00000002   PAD
    0x0800381c   0x0800381c   0x00000018   Code   RO           14    i.HAL_TIM_PeriodElapsedCallback  main.o
    0x08003834   0x08003834   0x00000032   Code   RO          995    i.HAL_TIM_ReadCapturedValue  stm32f4xx_hal_tim.o
    0x08003866   0x08003866   0x00000002   Code   RO          998    i.HAL_TIM_TriggerCallback  stm32f4xx_hal_tim.o
    0x08003868   0x08003868   0x00000066   Code   RO         1868    i.HAL_UART_DMAStop  stm32f4xx_hal_uart.o
    0x080038ce   0x080038ce   0x00000002   Code   RO         1870    i.HAL_UART_ErrorCallback  stm32f4xx_hal_uart.o
    0x080038d0   0x080038d0   0x0000014c   Code   RO         1873    i.HAL_UART_IRQHandler  stm32f4xx_hal_uart.o
    0x08003a1c   0x08003a1c   0x00000072   Code   RO         1874    i.HAL_UART_Init     stm32f4xx_hal_uart.o
    0x08003a8e   0x08003a8e   0x00000002   PAD
    0x08003a90   0x08003a90   0x000003e0   Code   RO          555    i.HAL_UART_MspInit  stm32f4xx_hal_msp.o
    0x08003e70   0x08003e70   0x000000c4   Code   RO         1878    i.HAL_UART_Receive_DMA  stm32f4xx_hal_uart.o
    0x08003f34   0x08003f34   0x00000002   Code   RO         1880    i.HAL_UART_RxCpltCallback  stm32f4xx_hal_uart.o
    0x08003f36   0x08003f36   0x00000002   Code   RO         1881    i.HAL_UART_RxHalfCpltCallback  stm32f4xx_hal_uart.o
    0x08003f38   0x08003f38   0x00000002   Code   RO         1885    i.HAL_UART_TxCpltCallback  stm32f4xx_hal_uart.o
    0x08003f3a   0x08003f3a   0x00000004   Code   RO          396    i.HardFault_Handler  stm32f4xx_it.o
    0x08003f3e   0x08003f3e   0x00000002   PAD
    0x08003f40   0x08003f40   0x00000044   Code   RO           15    i.MX_CAN1_Init      main.o
    0x08003f84   0x08003f84   0x00000044   Code   RO           16    i.MX_CAN2_Init      main.o
    0x08003fc8   0x08003fc8   0x00000098   Code   RO           17    i.MX_DMA_Init       main.o
    0x08004060   0x08004060   0x00000002   Code   RO           18    i.MX_GFXSIMULATOR_Init  main.o
    0x08004062   0x08004062   0x00000002   PAD
    0x08004064   0x08004064   0x00000190   Code   RO           19    i.MX_GPIO_Init      main.o
    0x080041f4   0x080041f4   0x0000008c   Code   RO           20    i.MX_TIM12_Init     main.o
    0x08004280   0x08004280   0x000000b0   Code   RO           21    i.MX_TIM1_Init      main.o
    0x08004330   0x08004330   0x000000b0   Code   RO           22    i.MX_TIM2_Init      main.o
    0x080043e0   0x080043e0   0x0000007c   Code   RO           23    i.MX_TIM3_Init      main.o
    0x0800445c   0x0800445c   0x0000004c   Code   RO           24    i.MX_TIM7_Init      main.o
    0x080044a8   0x080044a8   0x00000038   Code   RO           25    i.MX_UART7_Init     main.o
    0x080044e0   0x080044e0   0x00000038   Code   RO           26    i.MX_UART8_Init     main.o
    0x08004518   0x08004518   0x0000003c   Code   RO           27    i.MX_USART1_UART_Init  main.o
    0x08004554   0x08004554   0x00000038   Code   RO           28    i.MX_USART2_UART_Init  main.o
    0x0800458c   0x0800458c   0x00000038   Code   RO           29    i.MX_USART3_UART_Init  main.o
    0x080045c4   0x080045c4   0x00000004   Code   RO          397    i.MemManage_Handler  stm32f4xx_it.o
    0x080045c8   0x080045c8   0x00000002   Code   RO          398    i.NMI_Handler       stm32f4xx_it.o
    0x080045ca   0x080045ca   0x00000082   Code   RO         5076    i.NoLenRXforUsart   bsp_usart.o
    0x0800464c   0x0800464c   0x00000010   Code   RO         6459    i.ParseData         parse.o
    0x0800465c   0x0800465c   0x00000020   Code   RO         6460    i.ParseInit         parse.o
    0x0800467c   0x0800467c   0x00000044   Code   RO         5801    i.ProgressBarLed    leds_tip.o
    0x080046c0   0x080046c0   0x0000002c   Code   RO         6202    i.SetFpsAddress     fps.o
    0x080046ec   0x080046ec   0x0000000a   Code   RO           30    i.StartDefaultTask  main.o
    0x080046f6   0x080046f6   0x0000001a   Code   RO         6634    i.StartDogControlTask  sys_task.o
    0x08004710   0x08004710   0x00000012   Code   RO         6635    i.StartParseTask    sys_task.o
    0x08004722   0x08004722   0x00000002   PAD
    0x08004724   0x08004724   0x0000007c   Code   RO         6636    i.StartSysInitTask  sys_task.o
    0x080047a0   0x080047a0   0x00000008   Code   RO         6702    i.SysInit           user.o
    0x080047a8   0x080047a8   0x0000002c   Code   RO         6637    i.SysInitCreate     sys_task.o
    0x080047d4   0x080047d4   0x00000034   Code   RO         4908    i.SysTick_Handler   port.o
    0x08004808   0x08004808   0x000000bc   Code   RO           31    i.SystemClock_Config  main.o
    0x080048c4   0x080048c4   0x00000064   Code   RO         3447    i.SystemInit        system_stm32f4xx.o
    0x08004928   0x08004928   0x00000010   Code   RO          399    i.TIM2_IRQHandler   stm32f4xx_it.o
    0x08004938   0x08004938   0x00000010   Code   RO          400    i.TIM6_DAC_IRQHandler  stm32f4xx_it.o
    0x08004948   0x08004948   0x00000010   Code   RO          401    i.TIM7_IRQHandler   stm32f4xx_it.o
    0x08004958   0x08004958   0x000000d8   Code   RO         1000    i.TIM_Base_SetConfig  stm32f4xx_hal_tim.o
    0x08004a30   0x08004a30   0x00000022   Code   RO         1001    i.TIM_CCxChannelCmd  stm32f4xx_hal_tim.o
    0x08004a52   0x08004a52   0x00000016   Code   RO         1011    i.TIM_ETR_SetConfig  stm32f4xx_hal_tim.o
    0x08004a68   0x08004a68   0x00000012   Code   RO         1012    i.TIM_ITRx_SetConfig  stm32f4xx_hal_tim.o
    0x08004a7a   0x08004a7a   0x00000002   PAD
    0x08004a7c   0x08004a7c   0x00000070   Code   RO         1013    i.TIM_OC1_SetConfig  stm32f4xx_hal_tim.o
    0x08004aec   0x08004aec   0x0000007c   Code   RO         1014    i.TIM_OC2_SetConfig  stm32f4xx_hal_tim.o
    0x08004b68   0x08004b68   0x00000078   Code   RO         1015    i.TIM_OC3_SetConfig  stm32f4xx_hal_tim.o
    0x08004be0   0x08004be0   0x00000054   Code   RO         1016    i.TIM_OC4_SetConfig  stm32f4xx_hal_tim.o
    0x08004c34   0x08004c34   0x00000026   Code   RO         1018    i.TIM_TI1_ConfigInputStage  stm32f4xx_hal_tim.o
    0x08004c5a   0x08004c5a   0x00000002   PAD
    0x08004c5c   0x08004c5c   0x00000090   Code   RO         1019    i.TIM_TI1_SetConfig  stm32f4xx_hal_tim.o
    0x08004cec   0x08004cec   0x00000028   Code   RO         1020    i.TIM_TI2_ConfigInputStage  stm32f4xx_hal_tim.o
    0x08004d14   0x08004d14   0x0000003a   Code   RO         1021    i.TIM_TI2_SetConfig  stm32f4xx_hal_tim.o
    0x08004d4e   0x08004d4e   0x00000038   Code   RO         1022    i.TIM_TI3_SetConfig  stm32f4xx_hal_tim.o
    0x08004d86   0x08004d86   0x0000003c   Code   RO         1023    i.TIM_TI4_SetConfig  stm32f4xx_hal_tim.o
    0x08004dc2   0x08004dc2   0x00000002   PAD
    0x08004dc4   0x08004dc4   0x00000024   Code   RO         6521    i.TrajectoryPlanning  dog_control.o
    0x08004de8   0x08004de8   0x00000010   Code   RO          402    i.UART7_IRQHandler  stm32f4xx_it.o
    0x08004df8   0x08004df8   0x00000010   Code   RO          403    i.UART8_IRQHandler  stm32f4xx_it.o
    0x08004e08   0x08004e08   0x00000014   Code   RO         1887    i.UART_DMAAbortOnError  stm32f4xx_hal_uart.o
    0x08004e1c   0x08004e1c   0x00000050   Code   RO         1888    i.UART_DMAError     stm32f4xx_hal_uart.o
    0x08004e6c   0x08004e6c   0x00000046   Code   RO         1889    i.UART_DMAReceiveCplt  stm32f4xx_hal_uart.o
    0x08004eb2   0x08004eb2   0x0000000e   Code   RO         1891    i.UART_DMARxHalfCplt  stm32f4xx_hal_uart.o
    0x08004ec0   0x08004ec0   0x00000020   Code   RO         1897    i.UART_EndRxTransfer  stm32f4xx_hal_uart.o
    0x08004ee0   0x08004ee0   0x00000020   Code   RO         1898    i.UART_EndTransmit_IT  stm32f4xx_hal_uart.o
    0x08004f00   0x08004f00   0x00000014   Code   RO         1899    i.UART_EndTxTransfer  stm32f4xx_hal_uart.o
    0x08004f14   0x08004f14   0x000000a6   Code   RO         1900    i.UART_Receive_IT   stm32f4xx_hal_uart.o
    0x08004fba   0x08004fba   0x00000002   PAD
    0x08004fbc   0x08004fbc   0x00000368   Code   RO         1901    i.UART_SetConfig    stm32f4xx_hal_uart.o
    0x08005324   0x08005324   0x00000068   Code   RO         1902    i.UART_Transmit_IT  stm32f4xx_hal_uart.o
    0x0800538c   0x0800538c   0x00000010   Code   RO          404    i.USART1_IRQHandler  stm32f4xx_it.o
    0x0800539c   0x0800539c   0x00000010   Code   RO          405    i.USART2_IRQHandler  stm32f4xx_it.o
    0x080053ac   0x080053ac   0x00000010   Code   RO          406    i.USART3_IRQHandler  stm32f4xx_it.o
    0x080053bc   0x080053bc   0x00000004   Code   RO          407    i.UsageFault_Handler  stm32f4xx_it.o
    0x080053c0   0x080053c0   0x0000007a   Code   RO         5077    i.UsartAndDMAInit   bsp_usart.o
    0x0800543a   0x0800543a   0x00000026   Code   RO         5078    i.UsartQueueCreate  bsp_usart.o
    0x08005460   0x08005460   0x0000000c   Code   RO         5079    i.UserUsartCallback  bsp_usart.o
    0x0800546c   0x0800546c   0x00000038   Code   RO         5080    i.UserUsartQueueRX  bsp_usart.o
    0x080054a4   0x080054a4   0x00000030   Code   RO         7133    i.__ARM_fpclassify  m_wm.l(fpclassify.o)
    0x080054d4   0x080054d4   0x00000010   Code   RO         3057    i.__NVIC_GetPriorityGrouping  stm32f4xx_hal_cortex.o
    0x080054e4   0x080054e4   0x00000028   Code   RO         3058    i.__NVIC_SetPriority  stm32f4xx_hal_cortex.o
    0x0800550c   0x0800550c   0x00000004   PAD
    0x08005510   0x08005510   0x00000358   Code   RO         6723    i.__hardfp_acos     m_wm.l(acos.o)
    0x08005868   0x08005868   0x000002d8   Code   RO         7099    i.__hardfp_atan     m_wm.l(atan.o)
    0x08005b40   0x08005b40   0x000001f0   Code   RO         6737    i.__hardfp_atan2    m_wm.l(atan2.o)
    0x08005d30   0x08005d30   0x0000007a   Code   RO         6763    i.__hardfp_sqrt     m_wm.l(sqrt.o)
    0x08005daa   0x08005daa   0x000000f8   Code   RO         7135    i.__kernel_poly     m_wm.l(poly.o)
    0x08005ea2   0x08005ea2   0x00000014   Code   RO         7114    i.__mathlib_dbl_infnan  m_wm.l(dunder.o)
    0x08005eb6   0x08005eb6   0x00000014   Code   RO         7115    i.__mathlib_dbl_infnan2  m_wm.l(dunder.o)
    0x08005eca   0x08005eca   0x00000006   PAD
    0x08005ed0   0x08005ed0   0x00000020   Code   RO         7116    i.__mathlib_dbl_invalid  m_wm.l(dunder.o)
    0x08005ef0   0x08005ef0   0x00000020   Code   RO         7119    i.__mathlib_dbl_underflow  m_wm.l(dunder.o)
    0x08005f10   0x08005f10   0x0000000e   Code   RO         7191    i.__scatterload_copy  mc_w.l(handlers.o)
    0x08005f1e   0x08005f1e   0x00000002   Code   RO         7192    i.__scatterload_null  mc_w.l(handlers.o)
    0x08005f20   0x08005f20   0x0000000e   Code   RO         7193    i.__scatterload_zeroinit  mc_w.l(handlers.o)
    0x08005f2e   0x08005f2e   0x00000002   PAD
    0x08005f30   0x08005f30   0x0000000c   Code   RO         7165    i.__set_errno       mc_w.l(errno.o)
    0x08005f3c   0x08005f3c   0x00000010   Code   RO         7101    i.atan              m_wm.l(atan.o)
    0x08005f4c   0x08005f4c   0x00000136   Code   RO         5227    i.bezier_interpolation_func  counters.o
    0x08006082   0x08006082   0x00000002   Code   RO         4995    i.can1_rx           bsp_can.o
    0x08006084   0x08006084   0x00000002   Code   RO         6461    i.can2_rx           parse.o
    0x08006086   0x08006086   0x00000002   PAD
    0x08006088   0x08006088   0x0000000c   Code   RO         6582    i.configureTimerForRunTimeStats  debug_by_keil.o
    0x08006094   0x08006094   0x00000080   Code   RO         5228    i.draw_bezier_curves  counters.o
    0x08006114   0x08006114   0x00000018   Code   RO         7129    i.fabs              m_wm.l(fabs.o)
    0x0800612c   0x0800612c   0x00000050   Code   RO         7053    i.free              mc_w.l(malloc.o)
    0x0800617c   0x0800617c   0x0000000c   Code   RO         6583    i.getRunTimeCounterValue  debug_by_keil.o
    0x08006188   0x08006188   0x00000010   Code   RO         4489    i.inHandlerMode     cmsis_os.o
    0x08006198   0x08006198   0x00000070   Code   RO           32    i.main              main.o
    0x08006208   0x08006208   0x0000000e   Code   RO         4491    i.makeFreeRtosPriority  cmsis_os.o
    0x08006216   0x08006216   0x00000002   PAD
    0x08006218   0x08006218   0x0000006c   Code   RO         7054    i.malloc            mc_w.l(malloc.o)
    0x08006284   0x08006284   0x00000018   Code   RO         4493    i.osDelay           cmsis_os.o
    0x0800629c   0x0800629c   0x0000000a   Code   RO         4496    i.osKernelStart     cmsis_os.o
    0x080062a6   0x080062a6   0x00000030   Code   RO         4530    i.osThreadCreate    cmsis_os.o
    0x080062d6   0x080062d6   0x00000002   PAD
    0x080062d8   0x080062d8   0x00000028   Code   RO         4541    i.osTimerCreate     cmsis_os.o
    0x08006300   0x08006300   0x00000068   Code   RO         4543    i.osTimerStart      cmsis_os.o
    0x08006368   0x08006368   0x00000098   Code   RO         3980    i.prvAddCurrentTaskToDelayedList  tasks.o
    0x08006400   0x08006400   0x000000b8   Code   RO         3981    i.prvAddNewTaskToReadyList  tasks.o
    0x080064b8   0x080064b8   0x00000064   Code   RO         4344    i.prvCheckForValidListAndQueue  timers.o
    0x0800651c   0x0800651c   0x00000048   Code   RO         3982    i.prvCheckTasksWaitingTermination  tasks.o
    0x08006564   0x08006564   0x0000002a   Code   RO         3630    i.prvCopyDataFromQueue  queue.o
    0x0800658e   0x0800658e   0x0000007c   Code   RO         3631    i.prvCopyDataToQueue  queue.o
    0x0800660a   0x0800660a   0x00000012   Code   RO         3983    i.prvDeleteTCB      tasks.o
    0x0800661c   0x0800661c   0x00000028   Code   RO         4345    i.prvGetNextExpireTime  timers.o
    0x08006644   0x08006644   0x0000007c   Code   RO         4858    i.prvHeapInit       heap_4.o
    0x080066c0   0x080066c0   0x00000028   Code   RO         3984    i.prvIdleTask       tasks.o
    0x080066e8   0x080066e8   0x0000002a   Code   RO         3634    i.prvInitialiseNewQueue  queue.o
    0x08006712   0x08006712   0x000000b6   Code   RO         3985    i.prvInitialiseNewTask  tasks.o
    0x080067c8   0x080067c8   0x0000004e   Code   RO         4346    i.prvInitialiseNewTimer  timers.o
    0x08006816   0x08006816   0x00000002   PAD
    0x08006818   0x08006818   0x00000068   Code   RO         3986    i.prvInitialiseTaskLists  tasks.o
    0x08006880   0x08006880   0x00000068   Code   RO         4859    i.prvInsertBlockIntoFreeList  heap_4.o
    0x080068e8   0x080068e8   0x00000058   Code   RO         4347    i.prvInsertTimerInActiveList  timers.o
    0x08006940   0x08006940   0x0000001a   Code   RO         3635    i.prvIsQueueEmpty   queue.o
    0x0800695a   0x0800695a   0x0000001e   Code   RO         3636    i.prvIsQueueFull    queue.o
    0x08006978   0x08006978   0x00000064   Code   RO         4348    i.prvProcessExpiredTimer  timers.o
    0x080069dc   0x080069dc   0x000000f4   Code   RO         4349    i.prvProcessReceivedCommands  timers.o
    0x08006ad0   0x08006ad0   0x00000074   Code   RO         4350    i.prvProcessTimerOrBlockTask  timers.o
    0x08006b44   0x08006b44   0x00000034   Code   RO         3988    i.prvResetNextTaskUnblockTime  tasks.o
    0x08006b78   0x08006b78   0x0000002c   Code   RO         4351    i.prvSampleTimeNow  timers.o
    0x08006ba4   0x08006ba4   0x000000a0   Code   RO         4352    i.prvSwitchTimerLists  timers.o
    0x08006c44   0x08006c44   0x00000040   Code   RO         4909    i.prvTaskExitError  port.o
    0x08006c84   0x08006c84   0x00000058   Code   RO         3990    i.prvTaskIsTaskSuspended  tasks.o
    0x08006cdc   0x08006cdc   0x0000001a   Code   RO         4353    i.prvTimerTask      timers.o
    0x08006cf6   0x08006cf6   0x0000007e   Code   RO         3637    i.prvUnlockQueue    queue.o
    0x08006d74   0x08006d74   0x0000013c   Code   RO         4860    i.pvPortMalloc      heap_4.o
    0x08006eb0   0x08006eb0   0x0000002c   Code   RO         4910    i.pxPortInitialiseStack  port.o
    0x08006edc   0x08006edc   0x0000006e   Code   RO         6765    i.sqrt              m_wm.l(sqrt.o)
    0x08006f4a   0x08006f4a   0x00000028   Code   RO         3590    i.uxListRemove      list.o
    0x08006f72   0x08006f72   0x0000001a   Code   RO         3591    i.vListInitialise   list.o
    0x08006f8c   0x08006f8c   0x00000006   Code   RO         3592    i.vListInitialiseItem  list.o
    0x08006f92   0x08006f92   0x00000034   Code   RO         3593    i.vListInsert       list.o
    0x08006fc6   0x08006fc6   0x00000018   Code   RO         3594    i.vListInsertEnd    list.o
    0x08006fde   0x08006fde   0x00000002   PAD
    0x08006fe0   0x08006fe0   0x00000054   Code   RO         4912    i.vPortEnterCritical  port.o
    0x08007034   0x08007034   0x0000003c   Code   RO         4913    i.vPortExitCritical  port.o
    0x08007070   0x08007070   0x00000094   Code   RO         4861    i.vPortFree         heap_4.o
    0x08007104   0x08007104   0x00000028   Code   RO         4914    i.vPortSetupTimerInterrupt  port.o
    0x0800712c   0x0800712c   0x00000078   Code   RO         4915    i.vPortValidateInterruptPriority  port.o
    0x080071a4   0x080071a4   0x0000002c   Code   RO         3643    i.vQueueAddToRegistry  queue.o
    0x080071d0   0x080071d0   0x0000004a   Code   RO         3647    i.vQueueWaitForMessageRestricted  queue.o
    0x0800721a   0x0800721a   0x00000002   PAD
    0x0800721c   0x0800721c   0x0000005c   Code   RO         4000    i.vTaskDelay        tasks.o
    0x08007278   0x08007278   0x000000f4   Code   RO         4001    i.vTaskDelete       tasks.o
    0x0800736c   0x0800736c   0x00000018   Code   RO         4005    i.vTaskInternalSetTimeOutState  tasks.o
    0x08007384   0x08007384   0x0000000c   Code   RO         4007    i.vTaskMissedYield  tasks.o
    0x08007390   0x08007390   0x00000038   Code   RO         4009    i.vTaskPlaceOnEventList  tasks.o
    0x080073c8   0x080073c8   0x00000040   Code   RO         4010    i.vTaskPlaceOnEventListRestricted  tasks.o
    0x08007408   0x08007408   0x00000090   Code   RO         4015    i.vTaskResume       tasks.o
    0x08007498   0x08007498   0x00000098   Code   RO         4018    i.vTaskStartScheduler  tasks.o
    0x08007530   0x08007530   0x000000f4   Code   RO         4019    i.vTaskSuspend      tasks.o
    0x08007624   0x08007624   0x00000010   Code   RO         4020    i.vTaskSuspendAll   tasks.o
    0x08007634   0x08007634   0x000000c8   Code   RO         4021    i.vTaskSwitchContext  tasks.o
    0x080076fc   0x080076fc   0x00000168   Code   RO         4916    i.xPortStartScheduler  port.o
    0x08007864   0x08007864   0x00000058   Code   RO         3649    i.xQueueGenericCreate  queue.o
    0x080078bc   0x080078bc   0x00000098   Code   RO         3650    i.xQueueGenericReset  queue.o
    0x08007954   0x08007954   0x000001a8   Code   RO         3651    i.xQueueGenericSend  queue.o
    0x08007afc   0x08007afc   0x000000f8   Code   RO         3652    i.xQueueGenericSendFromISR  queue.o
    0x08007bf4   0x08007bf4   0x00000168   Code   RO         3658    i.xQueueReceive     queue.o
    0x08007d5c   0x08007d5c   0x0000008c   Code   RO         4022    i.xTaskCheckForTimeOut  tasks.o
    0x08007de8   0x08007de8   0x00000060   Code   RO         4023    i.xTaskCreate       tasks.o
    0x08007e48   0x08007e48   0x00000020   Code   RO         4027    i.xTaskGetSchedulerState  tasks.o
    0x08007e68   0x08007e68   0x0000000c   Code   RO         4028    i.xTaskGetTickCount  tasks.o
    0x08007e74   0x08007e74   0x00000148   Code   RO         4030    i.xTaskIncrementTick  tasks.o
    0x08007fbc   0x08007fbc   0x000000c8   Code   RO         4033    i.xTaskPriorityDisinherit  tasks.o
    0x08008084   0x08008084   0x00000098   Code   RO         4035    i.xTaskRemoveFromEventList  tasks.o
    0x0800811c   0x0800811c   0x00000104   Code   RO         4036    i.xTaskResumeAll    tasks.o
    0x08008220   0x08008220   0x00000030   Code   RO         4358    i.xTimerCreate      timers.o
    0x08008250   0x08008250   0x00000054   Code   RO         4359    i.xTimerCreateTimerTask  timers.o
    0x080082a4   0x080082a4   0x00000084   Code   RO         4360    i.xTimerGenericCommand  timers.o
    0x08008328   0x08008328   0x00000014   Data   RO           34    .constdata          main.o
    0x0800833c   0x0800833c   0x00000008   Data   RO         2756    .constdata          stm32f4xx_hal_dma.o
    0x08008344   0x08008344   0x00000018   Data   RO         3448    .constdata          system_stm32f4xx.o
    0x0800835c   0x0800835c   0x00000004   Data   RO         6204    .constdata          fps.o
    0x08008360   0x08008360   0x0000003c   Data   RO         6638    .constdata          sys_task.o
    0x0800839c   0x0800839c   0x00000004   PAD
    0x080083a0   0x080083a0   0x00000050   Data   RO         6726    .constdata          m_wm.l(acos.o)
    0x080083f0   0x080083f0   0x00000098   Data   RO         7102    .constdata          m_wm.l(atan.o)
    0x08008488   0x08008488   0x00000008   Data   RO         7137    .constdata          m_wm.l(qnan.o)
    0x08008490   0x08008490   0x0000000c   Data   RO           35    .conststring        main.o
    0x0800849c   0x0800849c   0x00000028   Data   RO         6639    .conststring        sys_task.o
    0x080084c4   0x080084c4   0x00000020   Data   RO         7189    Region$$Table       anon$$obj.o


    Execution Region RW_IRAM1 (Exec base: 0x20000000, Load base: 0x080084e4, Size: 0x00008b80, Max: 0x00030000, ABSOLUTE)

    Exec Addr    Load Addr    Size         Type   Attr      Idx    E Section Name        Object

    0x20000000   0x080084e4   0x00000004   Data   RW           36    .data               main.o
    0x20000004   0x080084e8   0x00000004   Data   RW          556    .data               stm32f4xx_hal_msp.o
    0x20000008   0x080084ec   0x00000009   Data   RW         3208    .data               stm32f4xx_hal.o
    0x20000011   0x080084f5   0x00000003   PAD
    0x20000014   0x080084f8   0x00000004   Data   RW         3449    .data               system_stm32f4xx.o
    0x20000018   0x080084fc   0x00000044   Data   RW         4039    .data               tasks.o
    0x2000005c   0x08008540   0x00000014   Data   RW         4366    .data               timers.o
    0x20000070   0x08008554   0x00000018   Data   RW         4866    .data               heap_4.o
    0x20000088   0x0800856c   0x0000000c   Data   RW         4917    .data               port.o
    0x20000094   0x08008578   0x00000008   Data   RW         5710    .data               enconder.o
    0x2000009c   0x08008580   0x0000003d   Data   RW         6067    .data               ultrasonic.o
    0x200000d9   0x080085bd   0x00000003   PAD
    0x200000dc   0x080085c0   0x00000004   Data   RW         6205    .data               fps.o
    0x200000e0   0x080085c4   0x00000012   Data   RW         6523    .data               dog_control.o
    0x200000f2   0x080085d6   0x00000002   PAD
    0x200000f4   0x080085d8   0x00000010   Data   RW         6584    .data               debug_by_keil.o
    0x20000104   0x080085e8   0x0000000d   Data   RW         6640    .data               sys_task.o
    0x20000111   0x080085f5   0x00000003   PAD
    0x20000114   0x080085f8   0x00000004   Data   RW         7161    .data               mc_w.l(mvars.o)
    0x20000118   0x080085fc   0x00000004   Data   RW         7162    .data               mc_w.l(mvars.o)
    0x2000011c   0x08008600   0x00000004   Data   RW         7166    .data               mc_w.l(errno.o)
    0x20000120        -       0x000004b0   Zero   RW           33    .bss                main.o
    0x200005d0        -       0x00000040   Zero   RW          640    .bss                stm32f4xx_hal_timebase_tim.o
    0x20000610        -       0x00000040   Zero   RW         3661    .bss                queue.o
    0x20000650        -       0x000000f0   Zero   RW         4038    .bss                tasks.o
    0x20000740        -       0x00000028   Zero   RW         4365    .bss                timers.o
    0x20000768        -       0x00006900   Zero   RW         4865    .bss                heap_4.o
    0x20007068        -       0x0000000c   Zero   RW         4997    .bss                bsp_can.o
    0x20007074        -       0x00000024   Zero   RW         5081    .bss                bsp_usart.o
    0x20007098        -       0x0000004c   Zero   RW         5662    .bss                dji_dbus.o
    0x200070e4        -       0x000000f0   Zero   RW         6203    .bss                fps.o
    0x200071d4        -       0x00000034   Zero   RW         6463    .bss                parse.o
    0x20007208        -       0x00000378   Zero   RW         6522    .bss                dog_control.o
    0x20007580        -       0x00001200   Zero   RW            2    HEAP                startup_stm32f429xx.o
    0x20008780        -       0x00000400   Zero   RW            1    STACK               startup_stm32f429xx.o


==============================================================================

Image component sizes


      Code (inc. data)   RO Data    RW Data    ZI Data      Debug   Object Name

         0          0          0          0          0       1816   baseclass.o
       126         22          0          0         12       6216   bsp_can.o
       814         74          0          0         36       5706   bsp_usart.o
       256          8          0          0          0      19774   cmsis_os.o
       438         12          0          0          0       2493   counters.o
        24         10          0         16          0       1943   debug_by_keil.o
       624         10          0          0         76       4711   dji_dbus.o
      1072         82          0         18        888       4511   dog_control.o
        72         12          0          8          0        854   enconder.o
         0          0          0          0          0       9556   event_groups.o
       184         30          4          4        240       3219   fps.o
       692         62          0         24      26880       4823   heap_4.o
         0          0          0          0          0        412   hmi_usart.o
        68          0          0          0          0       1025   leds_tip.o
       148          0          0          0          0       3618   list.o
      2002        172         32          4       1200     799462   main.o
        58         22          0          0         52       2608   parse.o
      1014         92          0         12          0      12101   port.o
      1780         20          0          0         64      14358   queue.o
        36          8        428          0       5632        840   startup_stm32f429xx.o
        96         20          0          9          0       3266   stm32f4xx_hal.o
      1366          0          0          0          0      10818   stm32f4xx_hal_can.o
       252         22          0          0          0      33726   stm32f4xx_hal_cortex.o
      1446         16          8          0          0       7078   stm32f4xx_hal_dma.o
       580         58          0          0          0       2983   stm32f4xx_hal_gpio.o
      2048        156          0          4          0       6603   stm32f4xx_hal_msp.o
       140         12          0          0          0       1292   stm32f4xx_hal_pwr_ex.o
      1800         94          0          0          0       6225   stm32f4xx_hal_rcc.o
      2834        112          0          0          0      22028   stm32f4xx_hal_tim.o
       204          0          0          0          0       3293   stm32f4xx_hal_tim_ex.o
       140         18          0          0         64       1463   stm32f4xx_hal_timebase_tim.o
      2162         26          0          0          0      12527   stm32f4xx_hal_uart.o
       270         90          0          0          0      10712   stm32f4xx_it.o
       212         36        100         13          0       3130   sys_task.o
       100         18         24          4          0       1167   system_stm32f4xx.o
      3360        454          0         68        240      26533   tasks.o
      1260        114          0         20         40      20302   timers.o
       640         62          0         61          0       2949   ultrasonic.o
         8          0          0          0          0        482   user.o

    ----------------------------------------------------------------------
     28374       1948        632        276      35424    1076623   Object Totals
         0          0         32          0          0          0   (incl. Generated)
        48          4          4         11          0          0   (incl. Padding)

    ----------------------------------------------------------------------

      Code (inc. data)   RO Data    RW Data    ZI Data      Debug   Library Member Name

       856        118         80          0          0        288   acos.o
       744        106        152          0          0        352   atan.o
       496         64          0          0          0        192   atan2.o
       104         16          0          0          0        496   dunder.o
        24          0          0          0          0        124   fabs.o
        48          0          0          0          0        124   fpclassify.o
       248          0          0          0          0        152   poly.o
         0          0          8          0          0          0   qnan.o
       232          0          0          0          0        296   sqrt.o
         0          0          0          0          0          0   entry.o
         0          0          0          0          0          0   entry10a.o
         0          0          0          0          0          0   entry11a.o
         8          4          0          0          0          0   entry2.o
         4          0          0          0          0          0   entry5.o
         0          0          0          0          0          0   entry7b.o
         0          0          0          0          0          0   entry8b.o
         8          4          0          0          0          0   entry9a.o
        12          6          0          4          0         68   errno.o
        30          0          0          0          0          0   handlers.o
        36          8          0          0          0         68   init.o
         0          0          0          0          0          0   iusefp.o
        30          0          0          0          0         68   llshl.o
        36          0          0          0          0         68   llsshr.o
        32          0          0          0          0         68   llushr.o
       188         20          0          0          0        160   malloc.o
        36          0          0          0          0         68   memcpya.o
        36          0          0          0          0        108   memseta.o
         0          0          0          8          0          0   mvars.o
        98          0          0          0          0         92   uldiv.o
        56          0          0          0          0         88   d2f.o
       334          0          0          0          0        148   dadd.o
       222          0          0          0          0        100   ddiv.o
       186          0          0          0          0        176   depilogue.o
        62          0          0          0          0         80   dfixi.o
        34          0          0          0          0         76   dflti.o
        26          0          0          0          0         76   dfltui.o
       228          0          0          0          0         96   dmul.o
       162          0          0          0          0        100   dsqrt.o
        38          0          0          0          0         68   f2d.o
       110          0          0          0          0        168   fepilogue.o

    ----------------------------------------------------------------------
      4774        346        240         12          0       3968   Library Totals
        10          0          0          0          0          0   (incl. Padding)

    ----------------------------------------------------------------------

      Code (inc. data)   RO Data    RW Data    ZI Data      Debug   Library Name

      2752        304        240          0          0       2024   m_wm.l
       554         42          0         12          0        768   mc_w.l
      1458          0          0          0          0       1176   mf_w.l

    ----------------------------------------------------------------------
      4774        346        240         12          0       3968   Library Totals

    ----------------------------------------------------------------------

==============================================================================


      Code (inc. data)   RO Data    RW Data    ZI Data      Debug   

     33148       2294        872        288      35424    1053159   Grand Totals
     33148       2294        872        288      35424    1053159   ELF Image Totals
     33148       2294        872        288          0          0   ROM Totals

==============================================================================

    Total RO  Size (Code + RO Data)                34020 (  33.22kB)
    Total RW  Size (RW Data + ZI Data)             35712 (  34.88kB)
    Total ROM Size (Code + RO Data + RW Data)      34308 (  33.50kB)

==============================================================================

